<html>
<body>
<pre>
<h1>µVision Build Log</h1>
<h2>Project:</h2>
D:\STM32F103C8T6\Appz\i2c LCD\timer 2.uvproj
Project File Date:  03/25/2020

<h2>Output:</h2>
Build target 'timer 2'
compiling main.c...
linking...
Program Size: Code=7836 RO-data=268 RW-data=52 ZI-data=1636  
FromELF: creating hex file...
".\obj\timer 2.axf" - 0 Errors, 0 Warning(s).
Load "D:\\STM32F103C8T6\\Appz\\i2c LCD\\obj\\timer 2.axf" 
Erase Done.
Programming Done.
Verify OK.
Application running ...
Build target 'timer 2'
compiling main.c...
linking...
Program Size: Code=7840 RO-data=268 RW-data=52 ZI-data=1636  
FromELF: creating hex file...
".\obj\timer 2.axf" - 0 Errors, 0 Warning(s).
Build target 'timer 2'
compiling main.c...
linking...
Program Size: Code=7788 RO-data=268 RW-data=52 ZI-data=1636  
FromELF: creating hex file...
".\obj\timer 2.axf" - 0 Errors, 0 Warning(s).
Build target 'timer 2'
compiling main.c...
linking...
Program Size: Code=7784 RO-data=268 RW-data=52 ZI-data=1636  
FromELF: creating hex file...
".\obj\timer 2.axf" - 0 Errors, 0 Warning(s).
Build target 'timer 2'
compiling main.c...
linking...
Program Size: Code=7784 RO-data=268 RW-data=52 ZI-data=1636  
FromELF: creating hex file...
".\obj\timer 2.axf" - 0 Errors, 0 Warning(s).
Build target 'timer 2'
compiling main.c...
linking...
Program Size: Code=7780 RO-data=268 RW-data=52 ZI-data=1636  
FromELF: creating hex file...
".\obj\timer 2.axf" - 0 Errors, 0 Warning(s).
