Archive member included to satisfy reference by file (symbol)

f:/program files/embitz/1.11/share/em_armgcc/bin/../lib/gcc/arm-none-eabi/5.4.1/armv7-m\libgcc.a(_arm_addsubsf3.o)
                              obj\release\src\main.o (__aeabi_fadd)
f:/program files/embitz/1.11/share/em_armgcc/bin/../lib/gcc/arm-none-eabi/5.4.1/armv7-m\libgcc.a(_arm_muldivsf3.o)
                              obj\release\src\main.o (__aeabi_fdiv)
f:/program files/embitz/1.11/share/em_armgcc/bin/../lib/gcc/arm-none-eabi/5.4.1/armv7-m\libgcc.a(_arm_cmpsf2.o)
                              obj\release\src\main.o (__aeabi_fcmpgt)
f:/program files/embitz/1.11/share/em_armgcc/bin/../lib/gcc/arm-none-eabi/5.4.1/armv7-m\libgcc.a(_arm_fixsfsi.o)
                              obj\release\src\main.o (__aeabi_f2iz)
f:/program files/embitz/1.11/share/em_armgcc/bin/../lib/gcc/arm-none-eabi/5.4.1/armv7-m\libgcc.a(_aeabi_uldivmod.o)
                              obj\release\src\delay.o (__aeabi_uldivmod)
f:/program files/embitz/1.11/share/em_armgcc/bin/../lib/gcc/arm-none-eabi/5.4.1/armv7-m\libgcc.a(_udivmoddi4.o)
                              f:/program files/embitz/1.11/share/em_armgcc/bin/../lib/gcc/arm-none-eabi/5.4.1/armv7-m\libgcc.a(_aeabi_uldivmod.o) (__udivmoddi4)
f:/program files/embitz/1.11/share/em_armgcc/bin/../lib/gcc/arm-none-eabi/5.4.1/armv7-m\libgcc.a(_dvmd_tls.o)
                              f:/program files/embitz/1.11/share/em_armgcc/bin/../lib/gcc/arm-none-eabi/5.4.1/armv7-m\libgcc.a(_aeabi_uldivmod.o) (__aeabi_ldiv0)
f:/program files/embitz/1.11/share/em_armgcc/bin/../lib/gcc/arm-none-eabi/5.4.1/../../../../arm-none-eabi/lib/armv7-m\libg_n.a(lib_a-exit.o)
                              f:/program files/embitz/1.11/share/em_armgcc/bin/../lib/gcc/arm-none-eabi/5.4.1/../../../../arm-none-eabi/lib/armv7-m/crt0.o (exit)
f:/program files/embitz/1.11/share/em_armgcc/bin/../lib/gcc/arm-none-eabi/5.4.1/../../../../arm-none-eabi/lib/armv7-m\libg_n.a(lib_a-impure.o)
                              f:/program files/embitz/1.11/share/em_armgcc/bin/../lib/gcc/arm-none-eabi/5.4.1/../../../../arm-none-eabi/lib/armv7-m\libg_n.a(lib_a-exit.o) (_global_impure_ptr)
f:/program files/embitz/1.11/share/em_armgcc/bin/../lib/gcc/arm-none-eabi/5.4.1/../../../../arm-none-eabi/lib/armv7-m\libg_n.a(lib_a-init.o)
                              f:/program files/embitz/1.11/share/em_armgcc/bin/../lib/gcc/arm-none-eabi/5.4.1/../../../../arm-none-eabi/lib/armv7-m/crt0.o (__libc_init_array)
f:/program files/embitz/1.11/share/em_armgcc/bin/../lib/gcc/arm-none-eabi/5.4.1/../../../../arm-none-eabi/lib/armv7-m\libg_n.a(lib_a-memset.o)
                              f:/program files/embitz/1.11/share/em_armgcc/bin/../lib/gcc/arm-none-eabi/5.4.1/../../../../arm-none-eabi/lib/armv7-m/crt0.o (memset)
f:/program files/embitz/1.11/share/em_armgcc/bin/../lib/gcc/arm-none-eabi/5.4.1/../../../../arm-none-eabi/lib/armv7-m\libnosys_s.a(_exit.o)
                              f:/program files/embitz/1.11/share/em_armgcc/bin/../lib/gcc/arm-none-eabi/5.4.1/../../../../arm-none-eabi/lib/armv7-m\libg_n.a(lib_a-exit.o) (_exit)

Allocating common symbols
Common symbol       size              file

ADC_InitStructure   0x14              obj\release\src\main.o
UART_InitStructure  0x10              obj\release\src\main.o
GPIO_InitStructure  0x4               obj\release\src\main.o

Discarded input sections

 .text          0x00000000        0x0 f:/program files/embitz/1.11/share/em_armgcc/bin/../lib/gcc/arm-none-eabi/5.4.1/armv7-m/crti.o
 .data          0x00000000        0x0 f:/program files/embitz/1.11/share/em_armgcc/bin/../lib/gcc/arm-none-eabi/5.4.1/armv7-m/crti.o
 .bss           0x00000000        0x0 f:/program files/embitz/1.11/share/em_armgcc/bin/../lib/gcc/arm-none-eabi/5.4.1/armv7-m/crti.o
 .data          0x00000000        0x4 f:/program files/embitz/1.11/share/em_armgcc/bin/../lib/gcc/arm-none-eabi/5.4.1/armv7-m/crtbegin.o
 .data          0x00000000        0x0 f:/program files/embitz/1.11/share/em_armgcc/bin/../lib/gcc/arm-none-eabi/5.4.1/../../../../arm-none-eabi/lib/armv7-m/crt0.o
 .bss           0x00000000        0x0 f:/program files/embitz/1.11/share/em_armgcc/bin/../lib/gcc/arm-none-eabi/5.4.1/../../../../arm-none-eabi/lib/armv7-m/crt0.o
 .ARM.extab     0x00000000        0x0 f:/program files/embitz/1.11/share/em_armgcc/bin/../lib/gcc/arm-none-eabi/5.4.1/../../../../arm-none-eabi/lib/armv7-m/crt0.o
 .text          0x00000000        0x0 obj\release\spl\src\misc.o
 .data          0x00000000        0x0 obj\release\spl\src\misc.o
 .bss           0x00000000        0x0 obj\release\spl\src\misc.o
 .text.NVIC_PriorityGroupConfig
                0x00000000       0x14 obj\release\spl\src\misc.o
 .text.NVIC_Init
                0x00000000       0x6c obj\release\spl\src\misc.o
 .text.NVIC_SetVectorTable
                0x00000000       0x14 obj\release\spl\src\misc.o
 .text.NVIC_SystemLPConfig
                0x00000000       0x18 obj\release\spl\src\misc.o
[...]
Memory Configuration

Name             Origin             Length             Attributes
ROM              0x08000000         0x00010000         xr
RAM              0x20000000         0x00005000         xrw
*default*        0x00000000         0xffffffff

Linker script and memory map

LOAD f:/program files/embitz/1.11/share/em_armgcc/bin/../lib/gcc/arm-none-eabi/5.4.1/armv7-m/crti.o
LOAD f:/program files/embitz/1.11/share/em_armgcc/bin/../lib/gcc/arm-none-eabi/5.4.1/armv7-m/crtbegin.o
LOAD f:/program files/embitz/1.11/share/em_armgcc/bin/../lib/gcc/arm-none-eabi/5.4.1/../../../../arm-none-eabi/lib/armv7-m/crt0.o
                0x00000000                __HEAP_SIZE = 0x0
                0x00000100                __STACK_SIZE = 0x100

.text           0x08000000      0xfa8
 *(.isr_vector)
 .isr_vector    0x08000000       0xec obj\release\src\startup_stm32f10x_md.o
                0x08000000                __isr_vector
 *(.text*)
 .text          0x080000ec       0x5c f:/program files/embitz/1.11/share/em_armgcc/bin/../lib/gcc/arm-none-eabi/5.4.1/armv7-m/crtbegin.o
 .text          0x08000148       0x74 f:/program files/embitz/1.11/share/em_armgcc/bin/../lib/gcc/arm-none-eabi/5.4.1/../../../../arm-none-eabi/lib/armv7-m/crt0.o
                0x08000148                _start
                0x08000148                _mainCRTStartup
 .text.ADC_Init
                0x080001bc       0x48 obj\release\spl\src\stm32f10x_adc.o
                0x080001bc                ADC_Init
 .text.ADC_Cmd  0x08000204       0x14 obj\release\spl\src\stm32f10x_adc.o
                0x08000204                ADC_Cmd
 .text.ADC_ResetCalibration
                0x08000218        0xc obj\release\spl\src\stm32f10x_adc.o
                0x08000218                ADC_ResetCalibration
 .text.ADC_GetResetCalibrationStatus
                0x08000224        0x8 obj\release\spl\src\stm32f10x_adc.o
                0x08000224                ADC_GetResetCalibrationStatus
 .text.ADC_StartCalibration
                0x0800022c        0xc obj\release\spl\src\stm32f10x_adc.o
                0x0800022c                ADC_StartCalibration
 .text.ADC_GetCalibrationStatus
                0x08000238        0x8 obj\release\spl\src\stm32f10x_adc.o
                0x08000238                ADC_GetCalibrationStatus
 .text.ADC_SoftwareStartConvCmd
                0x08000240       0x14 obj\release\spl\src\stm32f10x_adc.o
                0x08000240                ADC_SoftwareStartConvCmd
 .text.ADC_RegularChannelConfig
                0x08000254       0x94 obj\release\spl\src\stm32f10x_adc.o
                0x08000254                ADC_RegularChannelConfig
 .text.ADC_GetConversionValue
                0x080002e8        0x8 obj\release\spl\src\stm32f10x_adc.o
                0x080002e8                ADC_GetConversionValue
 .text.ADC_TempSensorVrefintCmd
                0x080002f0       0x1c obj\release\spl\src\stm32f10x_adc.o
                0x080002f0                ADC_TempSensorVrefintCmd
 .text.GPIO_Init
                0x0800030c       0xcc obj\release\spl\src\stm32f10x_gpio.o
                0x0800030c                GPIO_Init
 .text.GPIO_SetBits
                0x080003d8        0x4 obj\release\spl\src\stm32f10x_gpio.o
                0x080003d8                GPIO_SetBits
 .text.GPIO_ResetBits
                0x080003dc        0x4 obj\release\spl\src\stm32f10x_gpio.o
                0x080003dc                GPIO_ResetBits
 .text.GPIO_WriteBit
                0x080003e0        0xc obj\release\spl\src\stm32f10x_gpio.o
                0x080003e0                GPIO_WriteBit
 .text.RCC_APB2PeriphClockCmd
                0x080003ec       0x1c obj\release\spl\src\stm32f10x_rcc.o
                0x080003ec                RCC_APB2PeriphClockCmd
 .text.SysTick_Init
                0x08000408       0x14 obj\release\src\delay.o
                0x08000408                SysTick_Init
 .text.SysTick_Handler
                0x0800041c       0x10 obj\release\src\delay.o
                0x0800041c                SysTick_Handler
 .text.delay_ms
                0x0800042c       0x38 obj\release\src\delay.o
                0x0800042c                delay_ms
 .text.GPIO_Configuration
                0x08000464       0x30 obj\release\src\main.o
                0x08000464                GPIO_Configuration
 .text.ADC_Configuration
                0x08000494       0x9c obj\release\src\main.o
                0x08000494                ADC_Configuration
 .text.thNumberConfig
                0x08000530       0x48 obj\release\src\main.o
                0x08000530                thNumberConfig
 .text.shipOut  0x08000578       0x58 obj\release\src\main.o
                0x08000578                shipOut
 .text.numTodigit
                0x080005d0       0x50 obj\release\src\main.o
                0x080005d0                numTodigit
 .text.shipOut4Num
                0x08000620       0x2c obj\release\src\main.o
                0x08000620                shipOut4Num
 .text.setNum   0x0800064c       0x60 obj\release\src\main.o
                0x0800064c                setNum
 .text.startup.main
                0x080006ac       0xa0 obj\release\src\main.o
                0x080006ac                main
 .text          0x0800074c       0xb8 obj\release\src\startup_stm32f10x_md.o
                0x0800074c                Reset_Handler
                0x08000792                NMI_Handler
                0x08000794                HardFault_Handler
                0x08000796                MemManage_Handler
                0x08000798                BusFault_Handler
                0x0800079a                UsageFault_Handler
                0x0800079c                SVC_Handler
                0x0800079e                DebugMon_Handler
                0x080007a0                PendSV_Handler
                0x080007a4                Default_Handler
                0x080007a6                WWDG_IRQHandler
                0x080007a8                PVD_IRQHandler
                0x080007aa                TAMPER_IRQHandler
                0x080007ac                RTC_IRQHandler
                0x080007ae                FLASH_IRQHandler
                0x080007b0                RCC_IRQHandler
                0x080007b2                EXTI0_IRQHandler
                0x080007b4                EXTI1_IRQHandler
                0x080007b6                EXTI2_IRQHandler
                0x080007b8                EXTI3_IRQHandler
                0x080007ba                EXTI4_IRQHandler
                0x080007bc                DMA1_Channel1_IRQHandler
                0x080007be                DMA1_Channel2_IRQHandler
                0x080007c0                DMA1_Channel3_IRQHandler
                0x080007c2                DMA1_Channel4_IRQHandler
                0x080007c4                DMA1_Channel5_IRQHandler
                0x080007c6                DMA1_Channel6_IRQHandler
                0x080007c8                DMA1_Channel7_IRQHandler
                0x080007ca                ADC1_2_IRQHandler
                0x080007cc                USB_HP_CAN1_TX_IRQHandler
                0x080007ce                USB_LP_CAN1_RX0_IRQHandler
                0x080007d0                CAN1_RX1_IRQHandler
                0x080007d2                CAN1_SCE_IRQHandler
                0x080007d4                EXTI9_5_IRQHandler
                0x080007d6                TIM1_BRK_IRQHandler
                0x080007d8                TIM1_UP_IRQHandler
                0x080007da                TIM1_TRG_COM_IRQHandler
                0x080007dc                TIM1_CC_IRQHandler
                0x080007de                TIM2_IRQHandler
                0x080007e0                TIM3_IRQHandler
                0x080007e2                TIM4_IRQHandler
                0x080007e4                I2C1_EV_IRQHandler
                0x080007e6                I2C1_ER_IRQHandler
                0x080007e8                I2C2_EV_IRQHandler
                0x080007ea                I2C2_ER_IRQHandler
                0x080007ec                SPI1_IRQHandler
                0x080007ee                SPI2_IRQHandler
                0x080007f0                USART1_IRQHandler
                0x080007f2                USART2_IRQHandler
                0x080007f4                USART3_IRQHandler
                0x080007f6                EXTI15_10_IRQHandler
                0x080007f8                RTCAlarm_IRQHandler
                0x080007fa                USBWakeUp_IRQHandler
 .text.SystemInit
                0x08000804      0x104 obj\release\src\system_stm32f10x.o
                0x08000804                SystemInit
 .text          0x08000908      0x21c f:/program files/embitz/1.11/share/em_armgcc/bin/../lib/gcc/arm-none-eabi/5.4.1/armv7-m\libgcc.a(_arm_addsubsf3.o)
                0x08000908                __aeabi_frsub
                0x08000910                __subsf3
                0x08000910                __aeabi_fsub
                0x08000914                __aeabi_fadd
                0x08000914                __addsf3
                0x08000a74                __aeabi_ui2f
                0x08000a74                __floatunsisf
                0x08000a7c                __aeabi_i2f
                0x08000a7c                __floatsisf
                0x08000a98                __aeabi_ul2f
                0x08000a98                __floatundisf
                0x08000aa8                __aeabi_l2f
                0x08000aa8                __floatdisf
 .text          0x08000b24      0x2a0 f:/program files/embitz/1.11/share/em_armgcc/bin/../lib/gcc/arm-none-eabi/5.4.1/armv7-m\libgcc.a(_arm_muldivsf3.o)
                0x08000b24                __mulsf3
                0x08000b24                __aeabi_fmul
                0x08000c8c                __aeabi_fdiv
                0x08000c8c                __divsf3
 .text          0x08000dc4       0xec f:/program files/embitz/1.11/share/em_armgcc/bin/../lib/gcc/arm-none-eabi/5.4.1/armv7-m\libgcc.a(_arm_cmpsf2.o)
                0x08000dc4                __gesf2
                0x08000dc4                __gtsf2
                0x08000dcc                __lesf2
                0x08000dcc                __ltsf2
                0x08000dd4                __nesf2
                0x08000dd4                __eqsf2
                0x08000dd4                __cmpsf2
                0x08000e34                __aeabi_cfrcmple
                0x08000e3c                __aeabi_cfcmpeq
                0x08000e3c                __aeabi_cfcmple
                0x08000e4c                __aeabi_fcmpeq
                0x08000e60                __aeabi_fcmplt
                0x08000e74                __aeabi_fcmple
                0x08000e88                __aeabi_fcmpge
                0x08000e9c                __aeabi_fcmpgt
 .text          0x08000eb0       0x4c f:/program files/embitz/1.11/share/em_armgcc/bin/../lib/gcc/arm-none-eabi/5.4.1/armv7-m\libgcc.a(_arm_fixsfsi.o)
                0x08000eb0                __aeabi_f2iz
                0x08000eb0                __fixsfsi
 .text.exit     0x08000efc       0x28 f:/program files/embitz/1.11/share/em_armgcc/bin/../lib/gcc/arm-none-eabi/5.4.1/../../../../arm-none-eabi/lib/armv7-m\libg_n.a(lib_a-exit.o)
                0x08000efc                exit
 .text.__libc_init_array
                0x08000f24       0x4c f:/program files/embitz/1.11/share/em_armgcc/bin/../lib/gcc/arm-none-eabi/5.4.1/../../../../arm-none-eabi/lib/armv7-m\libg_n.a(lib_a-init.o)
                0x08000f24                __libc_init_array
 .text.memset   0x08000f70       0x10 f:/program files/embitz/1.11/share/em_armgcc/bin/../lib/gcc/arm-none-eabi/5.4.1/../../../../arm-none-eabi/lib/armv7-m\libg_n.a(lib_a-memset.o)
                0x08000f70                memset
 .text._exit    0x08000f80        0x2 f:/program files/embitz/1.11/share/em_armgcc/bin/../lib/gcc/arm-none-eabi/5.4.1/../../../../arm-none-eabi/lib/armv7-m\libnosys_s.a(_exit.o)
                0x08000f80                _exit
 *(.init)
 *fill*         0x08000f82        0x2 
 .init          0x08000f84        0x4 f:/program files/embitz/1.11/share/em_armgcc/bin/../lib/gcc/arm-none-eabi/5.4.1/armv7-m/crti.o
                0x08000f84                _init
 .init          0x08000f88        0x8 f:/program files/embitz/1.11/share/em_armgcc/bin/../lib/gcc/arm-none-eabi/5.4.1/armv7-m/crtn.o
 *(.fini)
 .fini          0x08000f90        0x4 f:/program files/embitz/1.11/share/em_armgcc/bin/../lib/gcc/arm-none-eabi/5.4.1/armv7-m/crti.o
                0x08000f90                _fini
 .fini          0x08000f94        0x8 f:/program files/embitz/1.11/share/em_armgcc/bin/../lib/gcc/arm-none-eabi/5.4.1/armv7-m/crtn.o
 *crtbegin.o(.ctors)
 *crtbegin?.o(.ctors)
 *(EXCLUDE_FILE(*crtend.o *crtend?.o) .ctors)
 *(SORT(.ctors.*))
 *(.ctors)
 *crtbegin.o(.dtors)
 *crtbegin?.o(.dtors)
 *(EXCLUDE_FILE(*crtend.o *crtend?.o) .dtors)
 *(SORT(.dtors.*))
 *(.dtors)
 *(.rodata*)
 .rodata.str1.1
                0x08000f9c        0x2 f:/program files/embitz/1.11/share/em_armgcc/bin/../lib/gcc/arm-none-eabi/5.4.1/../../../../arm-none-eabi/lib/armv7-m\libg_n.a(lib_a-impure.o)
 *fill*         0x08000f9e        0x2 
 .rodata._global_impure_ptr
                0x08000fa0        0x4 f:/program files/embitz/1.11/share/em_armgcc/bin/../lib/gcc/arm-none-eabi/5.4.1/../../../../arm-none-eabi/lib/armv7-m\libg_n.a(lib_a-impure.o)
                0x08000fa0                _global_impure_ptr
 *(.eh_frame*)
 .eh_frame      0x08000fa4        0x0 f:/program files/embitz/1.11/share/em_armgcc/bin/../lib/gcc/arm-none-eabi/5.4.1/armv7-m/crtbegin.o
 .eh_frame      0x08000fa4        0x4 f:/program files/embitz/1.11/share/em_armgcc/bin/../lib/gcc/arm-none-eabi/5.4.1/armv7-m/crtend.o

.glue_7         0x08000fa8        0x0
 .glue_7        0x08000fa8        0x0 linker stubs

.glue_7t        0x08000fa8        0x0
 .glue_7t       0x08000fa8        0x0 linker stubs

.vfp11_veneer   0x08000fa8        0x0
 .vfp11_veneer  0x08000fa8        0x0 linker stubs

.v4_bx          0x08000fa8        0x0
 .v4_bx         0x08000fa8        0x0 linker stubs

.iplt           0x08000fa8        0x0
 .iplt          0x08000fa8        0x0 f:/program files/embitz/1.11/share/em_armgcc/bin/../lib/gcc/arm-none-eabi/5.4.1/armv7-m/crtbegin.o

.ARM.extab
 *(.ARM.extab* .gnu.linkonce.armextab.*)
                0x08000fa8                __exidx_start = .

.ARM.exidx      0x08000fa8        0x8
 *(.ARM.exidx* .gnu.linkonce.armexidx.*)
 .ARM.exidx     0x08000fa8        0x8 f:/program files/embitz/1.11/share/em_armgcc/bin/../lib/gcc/arm-none-eabi/5.4.1/../../../../arm-none-eabi/lib/armv7-m/crt0.o
                0x08000fb0                __exidx_end = .
                0x08000fb0                __etext = .

.rel.dyn        0x08000fb0        0x0
 .rel.iplt      0x08000fb0        0x0 f:/program files/embitz/1.11/share/em_armgcc/bin/../lib/gcc/arm-none-eabi/5.4.1/armv7-m/crtbegin.o

.data           0x20000000       0x74 load address 0x08000fb0
                0x20000000                __data_start__ = .
 *(vtable)
 *(.data*)
 .data.SysTickCounter
                0x20000000        0x4 obj\release\src\delay.o
                0x20000000                SysTickCounter
 .data.latchPin
                0x20000004        0x2 obj\release\src\main.o
                0x20000004                latchPin
 .data.dataPin  0x20000006        0x2 obj\release\src\main.o
                0x20000006                dataPin
 .data.clockPin
                0x20000008        0x2 obj\release\src\main.o
                0x20000008                clockPin
 *fill*         0x2000000a        0x2 
 .data.impure_data
                0x2000000c       0x60 f:/program files/embitz/1.11/share/em_armgcc/bin/../lib/gcc/arm-none-eabi/5.4.1/../../../../arm-none-eabi/lib/armv7-m\libg_n.a(lib_a-impure.o)
                0x2000006c                . = ALIGN (0x4)
                0x2000006c                PROVIDE (__preinit_array_start, .)
 *(.preinit_array)
                0x2000006c                PROVIDE (__preinit_array_end, .)
                0x2000006c                . = ALIGN (0x4)
                0x2000006c                PROVIDE (__init_array_start, .)
 *(SORT(.init_array.*))
 *(.init_array)
 .init_array    0x2000006c        0x4 f:/program files/embitz/1.11/share/em_armgcc/bin/../lib/gcc/arm-none-eabi/5.4.1/armv7-m/crtbegin.o
                0x20000070                PROVIDE (__init_array_end, .)
                0x20000070                . = ALIGN (0x4)
                [!provide]                PROVIDE (__fini_array_start, .)
 *(SORT(.fini_array.*))
 *(.fini_array)
 .fini_array    0x20000070        0x4 f:/program files/embitz/1.11/share/em_armgcc/bin/../lib/gcc/arm-none-eabi/5.4.1/armv7-m/crtbegin.o
                [!provide]                PROVIDE (__fini_array_end, .)
                0x20000074                . = ALIGN (0x4)
                0x20000074                __data_end__ = .

.jcr            0x20000074        0x0 load address 0x08001024
 .jcr           0x20000074        0x0 f:/program files/embitz/1.11/share/em_armgcc/bin/../lib/gcc/arm-none-eabi/5.4.1/armv7-m/crtbegin.o

.igot.plt       0x20000074        0x0 load address 0x08001024
 .igot.plt      0x20000074        0x0 f:/program files/embitz/1.11/share/em_armgcc/bin/../lib/gcc/arm-none-eabi/5.4.1/armv7-m/crtbegin.o

.bss            0x20000074       0x54 load address 0x08001024
                0x20000074                __bss_start__ = .
 *(.bss*)
 .bss           0x20000074       0x1c f:/program files/embitz/1.11/share/em_armgcc/bin/../lib/gcc/arm-none-eabi/5.4.1/armv7-m/crtbegin.o
 .bss.adc_tb    0x20000090        0x4 obj\release\src\main.o
                0x20000090                adc_tb
 .bss.digit     0x20000094        0x4 obj\release\src\main.o
                0x20000094                digit
 .bss.sum_adc1  0x20000098        0x4 obj\release\src\main.o
                0x20000098                sum_adc1
 .bss.value_adc1
                0x2000009c        0x4 obj\release\src\main.o
                0x2000009c                value_adc1
 *(COMMON)
 COMMON         0x200000a0       0x28 obj\release\src\main.o
                0x200000a0                ADC_InitStructure
                0x200000b4                UART_InitStructure
                0x200000c4                GPIO_InitStructure
                0x200000c8                __bss_end__ = .

.heap           0x200000c8        0x0
                0x200000c8                __end__ = .
                0x200000c8                end = __end__
 *(.heap*)
 .heap          0x200000c8        0x0 obj\release\src\startup_stm32f10x_md.o
                0x200000c8                __HeapLimit = .

.stack_dummy    0x200000c8      0x100
 *(.stack)
 .stack         0x200000c8      0x100 obj\release\src\startup_stm32f10x_md.o
                0x20005000                __StackTop = (ORIGIN (RAM) + LENGTH (RAM))
                0x20004f00                __StackLimit = (__StackTop - SIZEOF (.stack_dummy))
                0x20005000                PROVIDE (__stack, __StackTop)
                0x00000001                ASSERT ((__StackLimit >= __HeapLimit), region RAM overflowed with stack)
LOAD obj\release\spl\src\misc.o
LOAD obj\release\spl\src\stm32f10x_adc.o
LOAD obj\release\spl\src\stm32f10x_bkp.o
LOAD obj\release\spl\src\stm32f10x_can.o
LOAD obj\release\spl\src\stm32f10x_cec.o
LOAD obj\release\spl\src\stm32f10x_crc.o
LOAD obj\release\spl\src\stm32f10x_dac.o
LOAD obj\release\spl\src\stm32f10x_dbgmcu.o
LOAD obj\release\spl\src\stm32f10x_dma.o
LOAD obj\release\spl\src\stm32f10x_exti.o
LOAD obj\release\spl\src\stm32f10x_flash.o
LOAD obj\release\spl\src\stm32f10x_fsmc.o
LOAD obj\release\spl\src\stm32f10x_gpio.o
LOAD obj\release\spl\src\stm32f10x_i2c.o
LOAD obj\release\spl\src\stm32f10x_iwdg.o
LOAD obj\release\spl\src\stm32f10x_pwr.o
LOAD obj\release\spl\src\stm32f10x_rcc.o
LOAD obj\release\spl\src\stm32f10x_rtc.o
LOAD obj\release\spl\src\stm32f10x_sdio.o
LOAD obj\release\spl\src\stm32f10x_spi.o
LOAD obj\release\spl\src\stm32f10x_tim.o
LOAD obj\release\spl\src\stm32f10x_usart.o
LOAD obj\release\spl\src\stm32f10x_wwdg.o
LOAD obj\release\src\delay.o
LOAD obj\release\src\main.o
LOAD obj\release\src\startup_stm32f10x_md.o
LOAD obj\release\src\system_stm32f10x.o
START GROUP
LOAD f:/program files/embitz/1.11/share/em_armgcc/bin/../lib/gcc/arm-none-eabi/5.4.1/armv7-m\libgcc.a
LOAD f:/program files/embitz/1.11/share/em_armgcc/bin/../lib/gcc/arm-none-eabi/5.4.1/../../../../arm-none-eabi/lib/armv7-m\libg_n.a
LOAD f:/program files/embitz/1.11/share/em_armgcc/bin/../lib/gcc/arm-none-eabi/5.4.1/../../../../arm-none-eabi/lib/armv7-m\libc_n.a
END GROUP
START GROUP
LOAD f:/program files/embitz/1.11/share/em_armgcc/bin/../lib/gcc/arm-none-eabi/5.4.1/armv7-m\libgcc.a
LOAD f:/program files/embitz/1.11/share/em_armgcc/bin/../lib/gcc/arm-none-eabi/5.4.1/../../../../arm-none-eabi/lib/armv7-m\libc_n.a
LOAD f:/program files/embitz/1.11/share/em_armgcc/bin/../lib/gcc/arm-none-eabi/5.4.1/../../../../arm-none-eabi/lib/armv7-m\libnosys_s.a
END GROUP
LOAD f:/program files/embitz/1.11/share/em_armgcc/bin/../lib/gcc/arm-none-eabi/5.4.1/armv7-m/crtend.o
LOAD f:/program files/embitz/1.11/share/em_armgcc/bin/../lib/gcc/arm-none-eabi/5.4.1/armv7-m/crtn.o
OUTPUT(bin\Release\thLight_config.elf elf32-littlearm)

.ARM.attributes
                0x00000000       0x29
 .ARM.attributes
                0x00000000       0x1d f:/program files/embitz/1.11/share/em_armgcc/bin/../lib/gcc/arm-none-eabi/5.4.1/armv7-m/crti.o
 .ARM.attributes
                0x0000001d       0x2d f:/program files/embitz/1.11/share/em_armgcc/bin/../lib/gcc/arm-none-eabi/5.4.1/armv7-m/crtbegin.o
 .ARM.attributes
                0x0000004a       0x1b f:/program files/embitz/1.11/share/em_armgcc/bin/../lib/gcc/arm-none-eabi/5.4.1/../../../../arm-none-eabi/lib/armv7-m/crt0.o
 .ARM.attributes
                0x00000065       0x33 obj\release\spl\src\stm32f10x_adc.o
 .ARM.attributes
                0x00000098       0x33 obj\release\spl\src\stm32f10x_gpio.o
 .ARM.attributes
                0x000000cb       0x33 obj\release\spl\src\stm32f10x_rcc.o
 .ARM.attributes
                0x000000fe       0x33 obj\release\src\delay.o
 .ARM.attributes
                0x00000131       0x33 obj\release\src\main.o
 .ARM.attributes
                0x00000164       0x1b obj\release\src\startup_stm32f10x_md.o
 .ARM.attributes
                0x0000017f       0x33 obj\release\src\system_stm32f10x.o
 .ARM.attributes
                0x000001b2       0x1d f:/program files/embitz/1.11/share/em_armgcc/bin/../lib/gcc/arm-none-eabi/5.4.1/armv7-m\libgcc.a(_arm_addsubsf3.o)
 .ARM.attributes
                0x000001cf       0x1d f:/program files/embitz/1.11/share/em_armgcc/bin/../lib/gcc/arm-none-eabi/5.4.1/armv7-m\libgcc.a(_arm_muldivsf3.o)
 .ARM.attributes
                0x000001ec       0x1d f:/program files/embitz/1.11/share/em_armgcc/bin/../lib/gcc/arm-none-eabi/5.4.1/armv7-m\libgcc.a(_arm_cmpsf2.o)
 .ARM.attributes
                0x00000209       0x1d f:/program files/embitz/1.11/share/em_armgcc/bin/../lib/gcc/arm-none-eabi/5.4.1/armv7-m\libgcc.a(_arm_fixsfsi.o)
 .ARM.attributes
                0x00000226       0x2d f:/program files/embitz/1.11/share/em_armgcc/bin/../lib/gcc/arm-none-eabi/5.4.1/../../../../arm-none-eabi/lib/armv7-m\libg_n.a(lib_a-exit.o)
 .ARM.attributes
                0x00000253       0x2d f:/program files/embitz/1.11/share/em_armgcc/bin/../lib/gcc/arm-none-eabi/5.4.1/../../../../arm-none-eabi/lib/armv7-m\libg_n.a(lib_a-impure.o)
 .ARM.attributes
                0x00000280       0x2d f:/program files/embitz/1.11/share/em_armgcc/bin/../lib/gcc/arm-none-eabi/5.4.1/../../../../arm-none-eabi/lib/armv7-m\libg_n.a(lib_a-init.o)
 .ARM.attributes
                0x000002ad       0x2d f:/program files/embitz/1.11/share/em_armgcc/bin/../lib/gcc/arm-none-eabi/5.4.1/../../../../arm-none-eabi/lib/armv7-m\libg_n.a(lib_a-memset.o)
 .ARM.attributes
                0x000002da       0x2d f:/program files/embitz/1.11/share/em_armgcc/bin/../lib/gcc/arm-none-eabi/5.4.1/../../../../arm-none-eabi/lib/armv7-m\libnosys_s.a(_exit.o)
 .ARM.attributes
                0x00000307       0x2d f:/program files/embitz/1.11/share/em_armgcc/bin/../lib/gcc/arm-none-eabi/5.4.1/armv7-m/crtend.o
 .ARM.attributes
                0x00000334       0x1d f:/program files/embitz/1.11/share/em_armgcc/bin/../lib/gcc/arm-none-eabi/5.4.1/armv7-m/crtn.o

.comment        0x00000000       0x6e
 .comment       0x00000000       0x6e obj\release\spl\src\stm32f10x_adc.o
                                 0x6f (size before relaxing)
 .comment       0x0000006e       0x6f obj\release\spl\src\stm32f10x_gpio.o
 .comment       0x0000006e       0x6f obj\release\spl\src\stm32f10x_rcc.o
 .comment       0x0000006e       0x6f obj\release\src\delay.o
 .comment       0x0000006e       0x6f obj\release\src\main.o
 .comment       0x0000006e       0x6f obj\release\src\system_stm32f10x.o

.debug_info     0x00000000     0x334a
 .debug_info    0x00000000      0xc2b obj\release\spl\src\stm32f10x_adc.o
 .debug_info    0x00000c2b      0x891 obj\release\spl\src\stm32f10x_gpio.o
 .debug_info    0x000014bc      0x946 obj\release\spl\src\stm32f10x_rcc.o
 .debug_info    0x00001e02      0x2bc obj\release\src\delay.o
 .debug_info    0x000020be      0xd57 obj\release\src\main.o
 .debug_info    0x00002e15       0x6d obj\release\src\startup_stm32f10x_md.o
 .debug_info    0x00002e82      0x4c8 obj\release\src\system_stm32f10x.o

.debug_abbrev   0x00000000      0xc3d
 .debug_abbrev  0x00000000      0x1e8 obj\release\spl\src\stm32f10x_adc.o
 .debug_abbrev  0x000001e8      0x202 obj\release\spl\src\stm32f10x_gpio.o
 .debug_abbrev  0x000003ea      0x270 obj\release\spl\src\stm32f10x_rcc.o
 .debug_abbrev  0x0000065a      0x1c9 obj\release\src\delay.o
 .debug_abbrev  0x00000823      0x296 obj\release\src\main.o
 .debug_abbrev  0x00000ab9       0x14 obj\release\src\startup_stm32f10x_md.o
 .debug_abbrev  0x00000acd      0x170 obj\release\src\system_stm32f10x.o

.debug_loc      0x00000000     0x1a7e
 .debug_loc     0x00000000      0x9cd obj\release\spl\src\stm32f10x_adc.o
 .debug_loc     0x000009cd      0x569 obj\release\spl\src\stm32f10x_gpio.o
 .debug_loc     0x00000f36      0x726 obj\release\spl\src\stm32f10x_rcc.o
 .debug_loc     0x0000165c       0x75 obj\release\src\delay.o
 .debug_loc     0x000016d1      0x2f1 obj\release\src\main.o
 .debug_loc     0x000019c2       0xbc obj\release\src\system_stm32f10x.o

.debug_aranges  0x00000000      0x418
 .debug_aranges
                0x00000000      0x138 obj\release\spl\src\stm32f10x_adc.o
 .debug_aranges
                0x00000138       0xa8 obj\release\spl\src\stm32f10x_gpio.o
 .debug_aranges
                0x000001e0      0x118 obj\release\spl\src\stm32f10x_rcc.o
 .debug_aranges
                0x000002f8       0x60 obj\release\src\delay.o
 .debug_aranges
                0x00000358       0x78 obj\release\src\main.o
 .debug_aranges
                0x000003d0       0x20 obj\release\src\startup_stm32f10x_md.o
 .debug_aranges
                0x000003f0       0x28 obj\release\src\system_stm32f10x.o

.debug_ranges   0x00000000      0x430
 .debug_ranges  0x00000000      0x128 obj\release\spl\src\stm32f10x_adc.o
 .debug_ranges  0x00000128       0x98 obj\release\spl\src\stm32f10x_gpio.o
 .debug_ranges  0x000001c0      0x128 obj\release\spl\src\stm32f10x_rcc.o
 .debug_ranges  0x000002e8       0x88 obj\release\src\delay.o
 .debug_ranges  0x00000370       0x80 obj\release\src\main.o
 .debug_ranges  0x000003f0       0x40 obj\release\src\system_stm32f10x.o

.debug_line     0x00000000     0x1358
 .debug_line    0x00000000      0x4a0 obj\release\spl\src\stm32f10x_adc.o
 .debug_line    0x000004a0      0x34b obj\release\spl\src\stm32f10x_gpio.o
 .debug_line    0x000007eb      0x423 obj\release\spl\src\stm32f10x_rcc.o
 .debug_line    0x00000c0e      0x1ca obj\release\src\delay.o
 .debug_line    0x00000dd8      0x333 obj\release\src\main.o
 .debug_line    0x0000110b       0xa8 obj\release\src\startup_stm32f10x_md.o
 .debug_line    0x000011b3      0x1a5 obj\release\src\system_stm32f10x.o

.debug_str      0x00000000     0x1210
 .debug_str     0x00000000      0x6d4 obj\release\spl\src\stm32f10x_adc.o
                                0x752 (size before relaxing)
 .debug_str     0x000006d4      0x35d obj\release\spl\src\stm32f10x_gpio.o
                                0x570 (size before relaxing)
 .debug_str     0x00000a31      0x412 obj\release\spl\src\stm32f10x_rcc.o
                                0x65a (size before relaxing)
 .debug_str     0x00000e43       0xb5 obj\release\src\delay.o
                                0x25b (size before relaxing)
 .debug_str     0x00000ef8      0x23c obj\release\src\main.o
                                0x76f (size before relaxing)
 .debug_str     0x00001134       0xdc obj\release\src\system_stm32f10x.o
                                0x32c (size before relaxing)

.debug_frame    0x00000000      0x9b8
 .debug_frame   0x00000000      0x2c0 obj\release\spl\src\stm32f10x_adc.o
 .debug_frame   0x000002c0      0x1b0 obj\release\spl\src\stm32f10x_gpio.o
 .debug_frame   0x00000470      0x228 obj\release\spl\src\stm32f10x_rcc.o
 .debug_frame   0x00000698       0xd4 obj\release\src\delay.o
 .debug_frame   0x0000076c      0x170 obj\release\src\main.o
 .debug_frame   0x000008dc       0x48 obj\release\src\system_stm32f10x.o
 .debug_frame   0x00000924       0x28 f:/program files/embitz/1.11/share/em_armgcc/bin/../lib/gcc/arm-none-eabi/5.4.1/../../../../arm-none-eabi/lib/armv7-m\libg_n.a(lib_a-exit.o)
 .debug_frame   0x0000094c       0x2c f:/program files/embitz/1.11/share/em_armgcc/bin/../lib/gcc/arm-none-eabi/5.4.1/../../../../arm-none-eabi/lib/armv7-m\libg_n.a(lib_a-init.o)
 .debug_frame   0x00000978       0x20 f:/program files/embitz/1.11/share/em_armgcc/bin/../lib/gcc/arm-none-eabi/5.4.1/../../../../arm-none-eabi/lib/armv7-m\libg_n.a(lib_a-memset.o)
 .debug_frame   0x00000998       0x20 f:/program files/embitz/1.11/share/em_armgcc/bin/../lib/gcc/arm-none-eabi/5.4.1/../../../../arm-none-eabi/lib/armv7-m\libnosys_s.a(_exit.o)
