Archive member included to satisfy reference by file (symbol)

f:/program files/embitz/1.11/share/em_armgcc/bin/../lib/gcc/arm-none-eabi/5.4.1/../../../../arm-none-eabi/lib/armv7-m\libg_n.a(lib_a-exit.o)
                              f:/program files/embitz/1.11/share/em_armgcc/bin/../lib/gcc/arm-none-eabi/5.4.1/../../../../arm-none-eabi/lib/armv7-m/crt0.o (exit)
f:/program files/embitz/1.11/share/em_armgcc/bin/../lib/gcc/arm-none-eabi/5.4.1/../../../../arm-none-eabi/lib/armv7-m\libg_n.a(lib_a-impure.o)
                              f:/program files/embitz/1.11/share/em_armgcc/bin/../lib/gcc/arm-none-eabi/5.4.1/../../../../arm-none-eabi/lib/armv7-m\libg_n.a(lib_a-exit.o) (_global_impure_ptr)
f:/program files/embitz/1.11/share/em_armgcc/bin/../lib/gcc/arm-none-eabi/5.4.1/../../../../arm-none-eabi/lib/armv7-m\libg_n.a(lib_a-init.o)
                              f:/program files/embitz/1.11/share/em_armgcc/bin/../lib/gcc/arm-none-eabi/5.4.1/../../../../arm-none-eabi/lib/armv7-m/crt0.o (__libc_init_array)
f:/program files/embitz/1.11/share/em_armgcc/bin/../lib/gcc/arm-none-eabi/5.4.1/../../../../arm-none-eabi/lib/armv7-m\libg_n.a(lib_a-memset.o)
                              f:/program files/embitz/1.11/share/em_armgcc/bin/../lib/gcc/arm-none-eabi/5.4.1/../../../../arm-none-eabi/lib/armv7-m/crt0.o (memset)
f:/program files/embitz/1.11/share/em_armgcc/bin/../lib/gcc/arm-none-eabi/5.4.1/../../../../arm-none-eabi/lib/armv7-m\libg_n.a(lib_a-printf.o)
                              obj\release\src\main.o (printf)
f:/program files/embitz/1.11/share/em_armgcc/bin/../lib/gcc/arm-none-eabi/5.4.1/../../../../arm-none-eabi/lib/armv7-m\libg_n.a(lib_a-putchar.o)
                              obj\release\src\main.o (putchar)
f:/program files/embitz/1.11/share/em_armgcc/bin/../lib/gcc/arm-none-eabi/5.4.1/../../../../arm-none-eabi/lib/armv7-m\libg_n.a(lib_a-puts.o)
                              obj\release\src\main.o (puts)
f:/program files/embitz/1.11/share/em_armgcc/bin/../lib/gcc/arm-none-eabi/5.4.1/../../../../arm-none-eabi/lib/armv7-m\libg_n.a(lib_a-wbuf.o)
                              f:/program files/embitz/1.11/share/em_armgcc/bin/../lib/gcc/arm-none-eabi/5.4.1/../../../../arm-none-eabi/lib/armv7-m\libg_n.a(lib_a-puts.o) (__swbuf_r)
f:/program files/embitz/1.11/share/em_armgcc/bin/../lib/gcc/arm-none-eabi/5.4.1/../../../../arm-none-eabi/lib/armv7-m\libg_n.a(lib_a-wsetup.o)
                              f:/program files/embitz/1.11/share/em_armgcc/bin/../lib/gcc/arm-none-eabi/5.4.1/../../../../arm-none-eabi/lib/armv7-m\libg_n.a(lib_a-puts.o) (__swsetup_r)
f:/program files/embitz/1.11/share/em_armgcc/bin/../lib/gcc/arm-none-eabi/5.4.1/../../../../arm-none-eabi/lib/armv7-m\libg_n.a(lib_a-fflush.o)
                              f:/program files/embitz/1.11/share/em_armgcc/bin/../lib/gcc/arm-none-eabi/5.4.1/../../../../arm-none-eabi/lib/armv7-m\libg_n.a(lib_a-wbuf.o) (_fflush_r)
f:/program files/embitz/1.11/share/em_armgcc/bin/../lib/gcc/arm-none-eabi/5.4.1/../../../../arm-none-eabi/lib/armv7-m\libg_n.a(lib_a-findfp.o)
                              f:/program files/embitz/1.11/share/em_armgcc/bin/../lib/gcc/arm-none-eabi/5.4.1/../../../../arm-none-eabi/lib/armv7-m\libg_n.a(lib_a-printf.o) (__sinit)
f:/program files/embitz/1.11/share/em_armgcc/bin/../lib/gcc/arm-none-eabi/5.4.1/../../../../arm-none-eabi/lib/armv7-m\libg_n.a(lib_a-fwalk.o)
                              f:/program files/embitz/1.11/share/em_armgcc/bin/../lib/gcc/arm-none-eabi/5.4.1/../../../../arm-none-eabi/lib/armv7-m\libg_n.a(lib_a-findfp.o) (_fwalk)
f:/program files/embitz/1.11/share/em_armgcc/bin/../lib/gcc/arm-none-eabi/5.4.1/../../../../arm-none-eabi/lib/armv7-m\libg_n.a(lib_a-makebuf.o)
                              f:/program files/embitz/1.11/share/em_armgcc/bin/../lib/gcc/arm-none-eabi/5.4.1/../../../../arm-none-eabi/lib/armv7-m\libg_n.a(lib_a-wsetup.o) (__smakebuf_r)
f:/program files/embitz/1.11/share/em_armgcc/bin/../lib/gcc/arm-none-eabi/5.4.1/../../../../arm-none-eabi/lib/armv7-m\libg_n.a(lib_a-nano-freer.o)
                              f:/program files/embitz/1.11/share/em_armgcc/bin/../lib/gcc/arm-none-eabi/5.4.1/../../../../arm-none-eabi/lib/armv7-m\libg_n.a(lib_a-wsetup.o) (_free_r)
f:/program files/embitz/1.11/share/em_armgcc/bin/../lib/gcc/arm-none-eabi/5.4.1/../../../../arm-none-eabi/lib/armv7-m\libg_n.a(lib_a-nano-mallocr.o)
                              f:/program files/embitz/1.11/share/em_armgcc/bin/../lib/gcc/arm-none-eabi/5.4.1/../../../../arm-none-eabi/lib/armv7-m\libg_n.a(lib_a-findfp.o) (_malloc_r)
f:/program files/embitz/1.11/share/em_armgcc/bin/../lib/gcc/arm-none-eabi/5.4.1/../../../../arm-none-eabi/lib/armv7-m\libg_n.a(lib_a-nano-vfprintf.o)
                              f:/program files/embitz/1.11/share/em_armgcc/bin/../lib/gcc/arm-none-eabi/5.4.1/../../../../arm-none-eabi/lib/armv7-m\libg_n.a(lib_a-printf.o) (_vfprintf_r)
[...]
Memory Configuration

Name             Origin             Length             Attributes
FLASH            0x08000000         0x00010000         xr
RAM              0x20000000         0x00005000         xrw
*default*        0x00000000         0xffffffff

Linker script and memory map

LOAD f:/program files/embitz/1.11/share/em_armgcc/bin/../lib/gcc/arm-none-eabi/5.4.1/armv7-m/crti.o
LOAD f:/program files/embitz/1.11/share/em_armgcc/bin/../lib/gcc/arm-none-eabi/5.4.1/armv7-m/crtbegin.o
LOAD f:/program files/embitz/1.11/share/em_armgcc/bin/../lib/gcc/arm-none-eabi/5.4.1/../../../../arm-none-eabi/lib/armv7-m/crt0.o
                0x00000000                __HEAP_SIZE = 0x0
                0x00000100                __STACK_SIZE = 0x100
                0x00000000                _Min_Heap_Size = __HEAP_SIZE
                0x00000100                _Min_Stack_Size = __STACK_SIZE
                0x20005000                _estack = (ORIGIN (RAM) + LENGTH (RAM))

.isr_vector     0x08000000      0x10c
                0x08000000                . = ALIGN (0x4)
 *(.isr_vector)
 .isr_vector    0x08000000      0x10c obj\release\src\startup_stm32f103xb.o
                0x08000000                g_pfnVectors
                0x0800010c                . = ALIGN (0x4)

.text           0x0800010c     0x1898
                0x0800010c                . = ALIGN (0x4)
 *(.text)
 .text          0x0800010c       0x5c f:/program files/embitz/1.11/share/em_armgcc/bin/../lib/gcc/arm-none-eabi/5.4.1/armv7-m/crtbegin.o
 *(.text*)
 .text.Reset_Handler
                0x08000168       0x44 obj\release\src\startup_stm32f103xb.o
                0x08000168                Reset_Handler
 .text.Default_Handler
                0x080001ac        0x2 obj\release\src\startup_stm32f103xb.o
                0x080001ac                RTC_Alarm_IRQHandler
                0x080001ac                EXTI2_IRQHandler
                0x080001ac                DebugMon_Handler
                0x080001ac                TIM1_CC_IRQHandler
                0x080001ac                HardFault_Handler
                0x080001ac                SysTick_Handler
                0x080001ac                PVD_IRQHandler
                0x080001ac                PendSV_Handler
                0x080001ac                NMI_Handler
                0x080001ac                EXTI3_IRQHandler
                0x080001ac                EXTI0_IRQHandler
                0x080001ac                I2C2_EV_IRQHandler
                0x080001ac                UsageFault_Handler
                0x080001ac                ADC1_2_IRQHandler
                0x080001ac                SPI1_IRQHandler
                0x080001ac                TAMPER_IRQHandler
                0x080001ac                DMA1_Channel4_IRQHandler
                0x080001ac                USART3_IRQHandler
                0x080001ac                RTC_IRQHandler
                0x080001ac                DMA1_Channel7_IRQHandler
                0x080001ac                CAN1_RX1_IRQHandler
                0x080001ac                TIM4_IRQHandler
                0x080001ac                I2C1_EV_IRQHandler
                0x080001ac                DMA1_Channel6_IRQHandler
                0x080001ac                TIM3_IRQHandler
                0x080001ac                RCC_IRQHandler
                0x080001ac                TIM1_TRG_COM_IRQHandler
                0x080001ac                DMA1_Channel1_IRQHandler
                0x080001ac                Default_Handler
                0x080001ac                EXTI15_10_IRQHandler
                0x080001ac                EXTI9_5_IRQHandler
                0x080001ac                SPI2_IRQHandler
                0x080001ac                MemManage_Handler
                0x080001ac                SVC_Handler
                0x080001ac                DMA1_Channel5_IRQHandler
                0x080001ac                EXTI4_IRQHandler
                0x080001ac                USB_LP_CAN1_RX0_IRQHandler
                0x080001ac                USB_HP_CAN1_TX_IRQHandler
                0x080001ac                DMA1_Channel3_IRQHandler
                0x080001ac                TIM1_UP_IRQHandler
                0x080001ac                WWDG_IRQHandler
                0x080001ac                TIM2_IRQHandler
                0x080001ac                TIM1_BRK_IRQHandler
                0x080001ac                EXTI1_IRQHandler
                0x080001ac                USART2_IRQHandler
                0x080001ac                I2C2_ER_IRQHandler
                0x080001ac                DMA1_Channel2_IRQHandler
                0x080001ac                CAN1_SCE_IRQHandler
                0x080001ac                FLASH_IRQHandler
                0x080001ac                BusFault_Handler
                0x080001ac                I2C1_ER_IRQHandler
                0x080001ac                USBWakeUp_IRQHandler
 *fill*         0x080001ae        0x2 
 .text.GPIO_Init
                0x080001b0       0xcc obj\release\spl\src\stm32f10x_gpio.o
                0x080001b0                GPIO_Init
 .text.GPIO_SetBits
                0x0800027c        0x4 obj\release\spl\src\stm32f10x_gpio.o
                0x0800027c                GPIO_SetBits
 .text.GPIO_PinRemapConfig
                0x08000280       0x6c obj\release\spl\src\stm32f10x_gpio.o
                0x08000280                GPIO_PinRemapConfig
 .text.RCC_GetClocksFreq
                0x080002ec       0x9c obj\release\spl\src\stm32f10x_rcc.o
                0x080002ec                RCC_GetClocksFreq
 .text.RCC_APB2PeriphClockCmd
                0x08000388       0x1c obj\release\spl\src\stm32f10x_rcc.o
                0x08000388                RCC_APB2PeriphClockCmd
 .text.RCC_APB1PeriphClockCmd
                0x080003a4       0x1c obj\release\spl\src\stm32f10x_rcc.o
                0x080003a4                RCC_APB1PeriphClockCmd
 .text.TIM_TimeBaseInit
                0x080003c0       0xa4 obj\release\spl\src\stm32f10x_tim.o
                0x080003c0                TIM_TimeBaseInit
 .text.TIM_Cmd  0x08000464       0x1c obj\release\spl\src\stm32f10x_tim.o
                0x08000464                TIM_Cmd
 .text.TIM_SetCounter
                0x08000480        0x4 obj\release\spl\src\stm32f10x_tim.o
                0x08000480                TIM_SetCounter
 .text.TIM_GetCounter
                0x08000484        0x8 obj\release\spl\src\stm32f10x_tim.o
                0x08000484                TIM_GetCounter
 .text.USART_Init
                0x0800048c       0xbc obj\release\spl\src\stm32f10x_usart.o
                0x0800048c                USART_Init
 .text.USART_Cmd
                0x08000548       0x1c obj\release\spl\src\stm32f10x_usart.o
                0x08000548                USART_Cmd
 .text.USART_ITConfig
                0x08000564       0x38 obj\release\spl\src\stm32f10x_usart.o
                0x08000564                USART_ITConfig
 .text.USART_SendData
                0x0800059c        0x8 obj\release\spl\src\stm32f10x_usart.o
                0x0800059c                USART_SendData
 .text.USART_ReceiveData
                0x080005a4        0x8 obj\release\spl\src\stm32f10x_usart.o
                0x080005a4                USART_ReceiveData
 .text.USART_GetFlagStatus
                0x080005ac        0xc obj\release\spl\src\stm32f10x_usart.o
                0x080005ac                USART_GetFlagStatus
 .text.USART_ClearFlag
                0x080005b8        0x8 obj\release\spl\src\stm32f10x_usart.o
                0x080005b8                USART_ClearFlag
 .text.USART_GetITStatus
                0x080005c0       0x48 obj\release\spl\src\stm32f10x_usart.o
                0x080005c0                USART_GetITStatus
 .text.USART_ClearITPendingBit
                0x08000608       0x10 obj\release\spl\src\stm32f10x_usart.o
                0x08000608                USART_ClearITPendingBit
 .text.GPIO_INIT
                0x08000618       0x3c obj\release\src\main.o
                0x08000618                GPIO_INIT
 .text.delay_ms
                0x08000654       0x28 obj\release\src\main.o
                0x08000654                delay_ms
 .text.GPIO_configuration
                0x0800067c       0x30 obj\release\src\main.o
                0x0800067c                GPIO_configuration
 .text._write   0x080006ac       0x44 obj\release\src\main.o
                0x080006ac                _write
 .text.usart1_cfg_A9A10
                0x080006f0       0xb4 obj\release\src\main.o
                0x080006f0                usart1_cfg_A9A10
 .text.startup.main
                0x080007a4       0x78 obj\release\src\main.o
                0x080007a4                main
 .text.USART1_IRQHandler
                0x0800081c       0x84 obj\release\src\main.o
                0x0800081c                USART1_IRQHandler
 .text.SystemInit
                0x080008a0      0x104 obj\release\src\system_stm32f10x.o
                0x080008a0                SystemInit
 .text.memset   0x080009a4       0x10 f:/program files/embitz/1.11/share/em_armgcc/bin/../lib/gcc/arm-none-eabi/5.4.1/../../../../arm-none-eabi/lib/armv7-m\libg_n.a(lib_a-memset.o)
                0x080009a4                memset
 .text.printf   0x080009b4       0x30 f:/program files/embitz/1.11/share/em_armgcc/bin/../lib/gcc/arm-none-eabi/5.4.1/../../../../arm-none-eabi/lib/armv7-m\libg_n.a(lib_a-printf.o)
                0x080009b4                iprintf
                0x080009b4                printf
 .text.putchar  0x080009e4       0x28 f:/program files/embitz/1.11/share/em_armgcc/bin/../lib/gcc/arm-none-eabi/5.4.1/../../../../arm-none-eabi/lib/armv7-m\libg_n.a(lib_a-putchar.o)
                0x080009e4                putchar
 .text._puts_r  0x08000a0c       0xb4 f:/program files/embitz/1.11/share/em_armgcc/bin/../lib/gcc/arm-none-eabi/5.4.1/../../../../arm-none-eabi/lib/armv7-m\libg_n.a(lib_a-puts.o)
                0x08000a0c                _puts_r
 .text.puts     0x08000ac0       0x10 f:/program files/embitz/1.11/share/em_armgcc/bin/../lib/gcc/arm-none-eabi/5.4.1/../../../../arm-none-eabi/lib/armv7-m\libg_n.a(lib_a-puts.o)
                0x08000ac0                puts
 .text.__swbuf_r
                0x08000ad0       0xa8 f:/program files/embitz/1.11/share/em_armgcc/bin/../lib/gcc/arm-none-eabi/5.4.1/../../../../arm-none-eabi/lib/armv7-m\libg_n.a(lib_a-wbuf.o)
                0x08000ad0                __swbuf_r
 .text.__swsetup_r
                0x08000b78       0xdc f:/program files/embitz/1.11/share/em_armgcc/bin/../lib/gcc/arm-none-eabi/5.4.1/../../../../arm-none-eabi/lib/armv7-m\libg_n.a(lib_a-wsetup.o)
                0x08000b78                __swsetup_r
 .text.__sflush_r
                0x08000c54      0x10c f:/program files/embitz/1.11/share/em_armgcc/bin/../lib/gcc/arm-none-eabi/5.4.1/../../../../arm-none-eabi/lib/armv7-m\libg_n.a(lib_a-fflush.o)
                0x08000c54                __sflush_r
 .text._fflush_r
                0x08000d60       0x54 f:/program files/embitz/1.11/share/em_armgcc/bin/../lib/gcc/arm-none-eabi/5.4.1/../../../../arm-none-eabi/lib/armv7-m\libg_n.a(lib_a-fflush.o)
                0x08000d60                _fflush_r
 .text._cleanup_r
                0x08000db4        0xc f:/program files/embitz/1.11/share/em_armgcc/bin/../lib/gcc/arm-none-eabi/5.4.1/../../../../arm-none-eabi/lib/armv7-m\libg_n.a(lib_a-findfp.o)
                0x08000db4                _cleanup_r
 .text.std.isra.0
                0x08000dc0       0x48 f:/program files/embitz/1.11/share/em_armgcc/bin/../lib/gcc/arm-none-eabi/5.4.1/../../../../arm-none-eabi/lib/armv7-m\libg_n.a(lib_a-findfp.o)
 .text.__sfmoreglue
                0x08000e08       0x2c f:/program files/embitz/1.11/share/em_armgcc/bin/../lib/gcc/arm-none-eabi/5.4.1/../../../../arm-none-eabi/lib/armv7-m\libg_n.a(lib_a-findfp.o)
                0x08000e08                __sfmoreglue
 .text.__sinit  0x08000e34       0x60 f:/program files/embitz/1.11/share/em_armgcc/bin/../lib/gcc/arm-none-eabi/5.4.1/../../../../arm-none-eabi/lib/armv7-m\libg_n.a(lib_a-findfp.o)
                0x08000e34                __sinit
 .text.__sfp    0x08000e94       0x78 f:/program files/embitz/1.11/share/em_armgcc/bin/../lib/gcc/arm-none-eabi/5.4.1/../../../../arm-none-eabi/lib/armv7-m\libg_n.a(lib_a-findfp.o)
                0x08000e94                __sfp
 .text._fwalk_reent
                0x08000f0c       0x3c f:/program files/embitz/1.11/share/em_armgcc/bin/../lib/gcc/arm-none-eabi/5.4.1/../../../../arm-none-eabi/lib/armv7-m\libg_n.a(lib_a-fwalk.o)
                0x08000f0c                _fwalk_reent
 .text.__swhatbuf_r
                0x08000f48       0x46 f:/program files/embitz/1.11/share/em_armgcc/bin/../lib/gcc/arm-none-eabi/5.4.1/../../../../arm-none-eabi/lib/armv7-m\libg_n.a(lib_a-makebuf.o)
                0x08000f48                __swhatbuf_r
 *fill*         0x08000f8e        0x2 
 .text.__smakebuf_r
                0x08000f90       0x78 f:/program files/embitz/1.11/share/em_armgcc/bin/../lib/gcc/arm-none-eabi/5.4.1/../../../../arm-none-eabi/lib/armv7-m\libg_n.a(lib_a-makebuf.o)
                0x08000f90                __smakebuf_r
 .text._free_r  0x08001008       0x98 f:/program files/embitz/1.11/share/em_armgcc/bin/../lib/gcc/arm-none-eabi/5.4.1/../../../../arm-none-eabi/lib/armv7-m\libg_n.a(lib_a-nano-freer.o)
                0x08001008                _free_r
 .text._malloc_r
                0x080010a0       0xbc f:/program files/embitz/1.11/share/em_armgcc/bin/../lib/gcc/arm-none-eabi/5.4.1/../../../../arm-none-eabi/lib/armv7-m\libg_n.a(lib_a-nano-mallocr.o)
                0x080010a0                _malloc_r
 .text.__sfputc_r
                0x0800115c       0x2c f:/program files/embitz/1.11/share/em_armgcc/bin/../lib/gcc/arm-none-eabi/5.4.1/../../../../arm-none-eabi/lib/armv7-m\libg_n.a(lib_a-nano-vfprintf.o)
 .text.__sfputs_r
                0x08001188       0x24 f:/program files/embitz/1.11/share/em_armgcc/bin/../lib/gcc/arm-none-eabi/5.4.1/../../../../arm-none-eabi/lib/armv7-m\libg_n.a(lib_a-nano-vfprintf.o)
                0x08001188                __sfputs_r
 .text._vfprintf_r
                0x080011ac      0x238 f:/program files/embitz/1.11/share/em_armgcc/bin/../lib/gcc/arm-none-eabi/5.4.1/../../../../arm-none-eabi/lib/armv7-m\libg_n.a(lib_a-nano-vfprintf.o)
                0x080011ac                _vfprintf_r
                0x080011ac                _vfiprintf_r
 .text._printf_common
                0x080013e4       0xec f:/program files/embitz/1.11/share/em_armgcc/bin/../lib/gcc/arm-none-eabi/5.4.1/../../../../arm-none-eabi/lib/armv7-m\libg_n.a(lib_a-nano-vfprintf_i.o)
                0x080013e4                _printf_common
 .text._printf_i
                0x080014d0      0x24c f:/program files/embitz/1.11/share/em_armgcc/bin/../lib/gcc/arm-none-eabi/5.4.1/../../../../arm-none-eabi/lib/armv7-m\libg_n.a(lib_a-nano-vfprintf_i.o)
                0x080014d0                _printf_i
 .text._putc_r  0x0800171c       0x6c f:/program files/embitz/1.11/share/em_armgcc/bin/../lib/gcc/arm-none-eabi/5.4.1/../../../../arm-none-eabi/lib/armv7-m\libg_n.a(lib_a-putc.o)
                0x0800171c                _putc_r
 .text._sbrk_r  0x08001788       0x20 f:/program files/embitz/1.11/share/em_armgcc/bin/../lib/gcc/arm-none-eabi/5.4.1/../../../../arm-none-eabi/lib/armv7-m\libg_n.a(lib_a-sbrkr.o)
                0x08001788                _sbrk_r
 .text.__sread  0x080017a8       0x22 f:/program files/embitz/1.11/share/em_armgcc/bin/../lib/gcc/arm-none-eabi/5.4.1/../../../../arm-none-eabi/lib/armv7-m\libg_n.a(lib_a-stdio.o)
                0x080017a8                __sread
 .text.__swrite
                0x080017ca       0x38 f:/program files/embitz/1.11/share/em_armgcc/bin/../lib/gcc/arm-none-eabi/5.4.1/../../../../arm-none-eabi/lib/armv7-m\libg_n.a(lib_a-stdio.o)
                0x080017ca                __swrite
 .text.__sseek  0x08001802       0x24 f:/program files/embitz/1.11/share/em_armgcc/bin/../lib/gcc/arm-none-eabi/5.4.1/../../../../arm-none-eabi/lib/armv7-m\libg_n.a(lib_a-stdio.o)
                0x08001802                __sseek
 .text.__sclose
                0x08001826        0x8 f:/program files/embitz/1.11/share/em_armgcc/bin/../lib/gcc/arm-none-eabi/5.4.1/../../../../arm-none-eabi/lib/armv7-m\libg_n.a(lib_a-stdio.o)
                0x08001826                __sclose
 *fill*         0x0800182e        0x2 
 .text._write_r
                0x08001830       0x24 f:/program files/embitz/1.11/share/em_armgcc/bin/../lib/gcc/arm-none-eabi/5.4.1/../../../../arm-none-eabi/lib/armv7-m\libg_n.a(lib_a-writer.o)
                0x08001830                _write_r
 .text._close_r
                0x08001854       0x20 f:/program files/embitz/1.11/share/em_armgcc/bin/../lib/gcc/arm-none-eabi/5.4.1/../../../../arm-none-eabi/lib/armv7-m\libg_n.a(lib_a-closer.o)
                0x08001854                _close_r
 .text._fstat_r
                0x08001874       0x24 f:/program files/embitz/1.11/share/em_armgcc/bin/../lib/gcc/arm-none-eabi/5.4.1/../../../../arm-none-eabi/lib/armv7-m\libg_n.a(lib_a-fstatr.o)
                0x08001874                _fstat_r
 .text._isatty_r
                0x08001898       0x20 f:/program files/embitz/1.11/share/em_armgcc/bin/../lib/gcc/arm-none-eabi/5.4.1/../../../../arm-none-eabi/lib/armv7-m\libg_n.a(lib_a-isattyr.o)
                0x08001898                _isatty_r
 .text._lseek_r
                0x080018b8       0x24 f:/program files/embitz/1.11/share/em_armgcc/bin/../lib/gcc/arm-none-eabi/5.4.1/../../../../arm-none-eabi/lib/armv7-m\libg_n.a(lib_a-lseekr.o)
                0x080018b8                _lseek_r
 .text.memchr   0x080018dc       0x1c f:/program files/embitz/1.11/share/em_armgcc/bin/../lib/gcc/arm-none-eabi/5.4.1/../../../../arm-none-eabi/lib/armv7-m\libg_n.a(lib_a-memchr-stub.o)
                0x080018dc                memchr
 .text.__malloc_lock
                0x080018f8        0x2 f:/program files/embitz/1.11/share/em_armgcc/bin/../lib/gcc/arm-none-eabi/5.4.1/../../../../arm-none-eabi/lib/armv7-m\libg_n.a(lib_a-mlock.o)
                0x080018f8                __malloc_lock
 .text.__malloc_unlock
                0x080018fa        0x2 f:/program files/embitz/1.11/share/em_armgcc/bin/../lib/gcc/arm-none-eabi/5.4.1/../../../../arm-none-eabi/lib/armv7-m\libg_n.a(lib_a-mlock.o)
                0x080018fa                __malloc_unlock
 .text._read_r  0x080018fc       0x24 f:/program files/embitz/1.11/share/em_armgcc/bin/../lib/gcc/arm-none-eabi/5.4.1/../../../../arm-none-eabi/lib/armv7-m\libg_n.a(lib_a-readr.o)
                0x080018fc                _read_r
 .text._close   0x08001920       0x10 f:/program files/embitz/1.11/share/em_armgcc/bin/../lib/gcc/arm-none-eabi/5.4.1/../../../../arm-none-eabi/lib/armv7-m\libnosys_s.a(close.o)
                0x08001920                _close
 .text._fstat   0x08001930       0x10 f:/program files/embitz/1.11/share/em_armgcc/bin/../lib/gcc/arm-none-eabi/5.4.1/../../../../arm-none-eabi/lib/armv7-m\libnosys_s.a(fstat.o)
                0x08001930                _fstat
 .text._isatty  0x08001940       0x10 f:/program files/embitz/1.11/share/em_armgcc/bin/../lib/gcc/arm-none-eabi/5.4.1/../../../../arm-none-eabi/lib/armv7-m\libnosys_s.a(isatty.o)
                0x08001940                _isatty
 .text._lseek   0x08001950       0x10 f:/program files/embitz/1.11/share/em_armgcc/bin/../lib/gcc/arm-none-eabi/5.4.1/../../../../arm-none-eabi/lib/armv7-m\libnosys_s.a(lseek.o)
                0x08001950                _lseek
 .text._read    0x08001960       0x10 f:/program files/embitz/1.11/share/em_armgcc/bin/../lib/gcc/arm-none-eabi/5.4.1/../../../../arm-none-eabi/lib/armv7-m\libnosys_s.a(read.o)
                0x08001960                _read
 .text._sbrk    0x08001970       0x1c f:/program files/embitz/1.11/share/em_armgcc/bin/../lib/gcc/arm-none-eabi/5.4.1/../../../../arm-none-eabi/lib/armv7-m\libnosys_s.a(sbrk.o)
                0x08001970                _sbrk
 *(.glue_7)
 .glue_7        0x0800198c        0x0 linker stubs
 *(.glue_7t)
 .glue_7t       0x0800198c        0x0 linker stubs
 *(.eh_frame)
 .eh_frame      0x0800198c        0x0 f:/program files/embitz/1.11/share/em_armgcc/bin/../lib/gcc/arm-none-eabi/5.4.1/armv7-m/crtbegin.o
 *(.init)
 .init          0x0800198c        0x4 f:/program files/embitz/1.11/share/em_armgcc/bin/../lib/gcc/arm-none-eabi/5.4.1/armv7-m/crti.o
                0x0800198c                _init
 .init          0x08001990        0x8 f:/program files/embitz/1.11/share/em_armgcc/bin/../lib/gcc/arm-none-eabi/5.4.1/armv7-m/crtn.o
 *(.fini)
 .fini          0x08001998        0x4 f:/program files/embitz/1.11/share/em_armgcc/bin/../lib/gcc/arm-none-eabi/5.4.1/armv7-m/crti.o
                0x08001998                _fini
 .fini          0x0800199c        0x8 f:/program files/embitz/1.11/share/em_armgcc/bin/../lib/gcc/arm-none-eabi/5.4.1/armv7-m/crtn.o
                0x080019a4                . = ALIGN (0x4)
                0x080019a4                _etext = .

.vfp11_veneer   0x080019a4        0x0
 .vfp11_veneer  0x080019a4        0x0 linker stubs

.v4_bx          0x080019a4        0x0
 .v4_bx         0x080019a4        0x0 linker stubs

.iplt           0x080019a4        0x0
 .iplt          0x080019a4        0x0 f:/program files/embitz/1.11/share/em_armgcc/bin/../lib/gcc/arm-none-eabi/5.4.1/armv7-m/crtbegin.o

.rodata         0x080019a4       0xac
                0x080019a4                . = ALIGN (0x4)
 *(.rodata)
 *(.rodata*)
 .rodata.str1.4
                0x080019a4       0x10 obj\release\src\main.o
 .rodata.str1.1
                0x080019b4        0x2 f:/program files/embitz/1.11/share/em_armgcc/bin/../lib/gcc/arm-none-eabi/5.4.1/../../../../arm-none-eabi/lib/armv7-m\libg_n.a(lib_a-impure.o)
 *fill*         0x080019b6        0x2 
 .rodata._global_impure_ptr
                0x080019b8        0x4 f:/program files/embitz/1.11/share/em_armgcc/bin/../lib/gcc/arm-none-eabi/5.4.1/../../../../arm-none-eabi/lib/armv7-m\libg_n.a(lib_a-impure.o)
                0x080019b8                _global_impure_ptr
 .rodata.__sf_fake_stdin
                0x080019bc       0x20 f:/program files/embitz/1.11/share/em_armgcc/bin/../lib/gcc/arm-none-eabi/5.4.1/../../../../arm-none-eabi/lib/armv7-m\libg_n.a(lib_a-findfp.o)
                0x080019bc                __sf_fake_stdin
 .rodata.__sf_fake_stdout
                0x080019dc       0x20 f:/program files/embitz/1.11/share/em_armgcc/bin/../lib/gcc/arm-none-eabi/5.4.1/../../../../arm-none-eabi/lib/armv7-m\libg_n.a(lib_a-findfp.o)
                0x080019dc                __sf_fake_stdout
 .rodata.__sf_fake_stderr
                0x080019fc       0x20 f:/program files/embitz/1.11/share/em_armgcc/bin/../lib/gcc/arm-none-eabi/5.4.1/../../../../arm-none-eabi/lib/armv7-m\libg_n.a(lib_a-findfp.o)
                0x080019fc                __sf_fake_stderr
 .rodata.str1.1
                0x08001a1c       0x11 f:/program files/embitz/1.11/share/em_armgcc/bin/../lib/gcc/arm-none-eabi/5.4.1/../../../../arm-none-eabi/lib/armv7-m\libg_n.a(lib_a-nano-vfprintf.o)
 .rodata.str1.1
                0x08001a2d       0x22 f:/program files/embitz/1.11/share/em_armgcc/bin/../lib/gcc/arm-none-eabi/5.4.1/../../../../arm-none-eabi/lib/armv7-m\libg_n.a(lib_a-nano-vfprintf_i.o)
                0x08001a50                . = ALIGN (0x4)
 *fill*         0x08001a4f        0x1 

.rel.dyn        0x08001a50        0x0
 .rel.iplt      0x08001a50        0x0 f:/program files/embitz/1.11/share/em_armgcc/bin/../lib/gcc/arm-none-eabi/5.4.1/armv7-m/crtbegin.o

.ARM.extab
 *(.ARM.extab* .gnu.linkonce.armextab.*)

.ARM            0x08001a50        0x0
                0x08001a50                __exidx_start = .
 *(.ARM.exidx*)
                0x08001a50                __exidx_end = .

.preinit_array  0x08001a50        0x0
                0x08001a50                PROVIDE (__preinit_array_start, .)
 *(.preinit_array*)
                0x08001a50                PROVIDE (__preinit_array_end, .)

.init_array     0x08001a50        0x4
                0x08001a50                PROVIDE (__init_array_start, .)
 *(SORT(.init_array.*))
 *(.init_array*)
 .init_array    0x08001a50        0x4 f:/program files/embitz/1.11/share/em_armgcc/bin/../lib/gcc/arm-none-eabi/5.4.1/armv7-m/crtbegin.o
                0x08001a54                PROVIDE (__init_array_end, .)

.fini_array     0x08001a54        0x4
                [!provide]                PROVIDE (__fini_array_start, .)
 *(SORT(.fini_array.*))
 *(.fini_array*)
 .fini_array    0x08001a54        0x4 f:/program files/embitz/1.11/share/em_armgcc/bin/../lib/gcc/arm-none-eabi/5.4.1/armv7-m/crtbegin.o
                [!provide]                PROVIDE (__fini_array_end, .)
                0x08001a58                _sidata = LOADADDR (.data)

.data           0x20000000       0x78 load address 0x08001a58
                0x20000000                . = ALIGN (0x4)
                0x20000000                _sdata = .
 *(.data)
 *(.data*)
 .data.ADCPrescTable
                0x20000000        0x4 obj\release\spl\src\stm32f10x_rcc.o
 .data.APBAHBPrescTable
                0x20000004       0x10 obj\release\spl\src\stm32f10x_rcc.o
 .data.impure_data
                0x20000014       0x60 f:/program files/embitz/1.11/share/em_armgcc/bin/../lib/gcc/arm-none-eabi/5.4.1/../../../../arm-none-eabi/lib/armv7-m\libg_n.a(lib_a-impure.o)
 .data._impure_ptr
                0x20000074        0x4 f:/program files/embitz/1.11/share/em_armgcc/bin/../lib/gcc/arm-none-eabi/5.4.1/../../../../arm-none-eabi/lib/armv7-m\libg_n.a(lib_a-impure.o)
                0x20000074                _impure_ptr
                0x20000078                . = ALIGN (0x4)
                0x20000078                _edata = .

.jcr            0x20000078        0x0 load address 0x08001ad0
 .jcr           0x20000078        0x0 f:/program files/embitz/1.11/share/em_armgcc/bin/../lib/gcc/arm-none-eabi/5.4.1/armv7-m/crtbegin.o

.igot.plt       0x20000078        0x0 load address 0x08001ad0
 .igot.plt      0x20000078        0x0 f:/program files/embitz/1.11/share/em_armgcc/bin/../lib/gcc/arm-none-eabi/5.4.1/armv7-m/crtbegin.o
                0x20000078                . = ALIGN (0x4)

.bss            0x20000078       0x84 load address 0x08001ad0
                0x20000078                _sbss = .
                0x20000078                __bss_start__ = _sbss
 *(.bss)
 .bss           0x20000078       0x1c f:/program files/embitz/1.11/share/em_armgcc/bin/../lib/gcc/arm-none-eabi/5.4.1/armv7-m/crtbegin.o
 *(.bss*)
 .bss.RX_available
                0x20000094        0x1 obj\release\src\main.o
                0x20000094                RX_available
 *fill*         0x20000095        0x1 
 .bss.receive_length
                0x20000096        0x2 obj\release\src\main.o
                0x20000096                receive_length
 .bss.RX_index  0x20000098        0x1 obj\release\src\main.o
                0x20000098                RX_index
 *fill*         0x20000099        0x3 
 .bss.__malloc_sbrk_start
                0x2000009c        0x4 f:/program files/embitz/1.11/share/em_armgcc/bin/../lib/gcc/arm-none-eabi/5.4.1/../../../../arm-none-eabi/lib/armv7-m\libg_n.a(lib_a-nano-mallocr.o)
                0x2000009c                __malloc_sbrk_start
 .bss.__malloc_free_list
                0x200000a0        0x4 f:/program files/embitz/1.11/share/em_armgcc/bin/../lib/gcc/arm-none-eabi/5.4.1/../../../../arm-none-eabi/lib/armv7-m\libg_n.a(lib_a-nano-mallocr.o)
                0x200000a0                __malloc_free_list
 .bss.heap_end.4167
                0x200000a4        0x4 f:/program files/embitz/1.11/share/em_armgcc/bin/../lib/gcc/arm-none-eabi/5.4.1/../../../../arm-none-eabi/lib/armv7-m\libnosys_s.a(sbrk.o)
 *(COMMON)
 COMMON         0x200000a8       0x50 obj\release\src\main.o
                0x200000a8                RX_Buffer
 COMMON         0x200000f8        0x4 f:/program files/embitz/1.11/share/em_armgcc/bin/../lib/gcc/arm-none-eabi/5.4.1/../../../../arm-none-eabi/lib/armv7-m\libg_n.a(lib_a-reent.o)
                0x200000f8                errno
                0x200000fc                . = ALIGN (0x4)
                0x200000fc                _ebss = .
                0x200000fc                __bss_end__ = _ebss

.heap           0x200000fc        0x0 load address 0x08001ad0
                0x200000fc                . = ALIGN (0x4)
                0x200000fc                PROVIDE (end, .)
                [!provide]                PROVIDE (_end, .)
 *(.heap*)
                0x200000fc                . = (. + _Min_Heap_Size)
                0x200000fc                __HeapLimit = .
                0x200000fc                . = ALIGN (0x4)

.ARM.attributes
                0x00000000       0x29
 *(.ARM.attributes)
 .ARM.attributes
                0x00000000       0x1d f:/program files/embitz/1.11/share/em_armgcc/bin/../lib/gcc/arm-none-eabi/5.4.1/armv7-m/crti.o
 .ARM.attributes
                0x0000001d       0x2d f:/program files/embitz/1.11/share/em_armgcc/bin/../lib/gcc/arm-none-eabi/5.4.1/armv7-m/crtbegin.o
 .ARM.attributes
                0x0000004a       0x21 obj\release\src\startup_stm32f103xb.o
 .ARM.attributes
                0x0000006b       0x33 obj\release\spl\src\stm32f10x_gpio.o
 .ARM.attributes
                0x0000009e       0x33 obj\release\spl\src\stm32f10x_rcc.o
 .ARM.attributes
                0x000000d1       0x33 obj\release\spl\src\stm32f10x_tim.o
 .ARM.attributes
                0x00000104       0x33 obj\release\spl\src\stm32f10x_usart.o
 .ARM.attributes
                0x00000137       0x33 obj\release\src\main.o
 .ARM.attributes
                0x0000016a       0x33 obj\release\src\system_stm32f10x.o
 .ARM.attributes
                0x0000019d       0x2d f:/program files/embitz/1.11/share/em_armgcc/bin/../lib/gcc/arm-none-eabi/5.4.1/../../../../arm-none-eabi/lib/armv7-m\libg_n.a(lib_a-impure.o)
 .ARM.attributes
                0x000001ca       0x2d f:/program files/embitz/1.11/share/em_armgcc/bin/../lib/gcc/arm-none-eabi/5.4.1/../../../../arm-none-eabi/lib/armv7-m\libg_n.a(lib_a-memset.o)
 .ARM.attributes
                0x000001f7       0x2d f:/program files/embitz/1.11/share/em_armgcc/bin/../lib/gcc/arm-none-eabi/5.4.1/../../../../arm-none-eabi/lib/armv7-m\libg_n.a(lib_a-printf.o)
 .ARM.attributes
                0x00000224       0x2d f:/program files/embitz/1.11/share/em_armgcc/bin/../lib/gcc/arm-none-eabi/5.4.1/../../../../arm-none-eabi/lib/armv7-m\libg_n.a(lib_a-putchar.o)
 .ARM.attributes
                0x00000251       0x2d f:/program files/embitz/1.11/share/em_armgcc/bin/../lib/gcc/arm-none-eabi/5.4.1/../../../../arm-none-eabi/lib/armv7-m\libg_n.a(lib_a-puts.o)
 .ARM.attributes
                0x0000027e       0x2d f:/program files/embitz/1.11/share/em_armgcc/bin/../lib/gcc/arm-none-eabi/5.4.1/../../../../arm-none-eabi/lib/armv7-m\libg_n.a(lib_a-wbuf.o)
 .ARM.attributes
                0x000002ab       0x2d f:/program files/embitz/1.11/share/em_armgcc/bin/../lib/gcc/arm-none-eabi/5.4.1/../../../../arm-none-eabi/lib/armv7-m\libg_n.a(lib_a-wsetup.o)
 .ARM.attributes
                0x000002d8       0x2d f:/program files/embitz/1.11/share/em_armgcc/bin/../lib/gcc/arm-none-eabi/5.4.1/../../../../arm-none-eabi/lib/armv7-m\libg_n.a(lib_a-fflush.o)
 .ARM.attributes
                0x00000305       0x2d f:/program files/embitz/1.11/share/em_armgcc/bin/../lib/gcc/arm-none-eabi/5.4.1/../../../../arm-none-eabi/lib/armv7-m\libg_n.a(lib_a-findfp.o)
 .ARM.attributes
                0x00000332       0x2d f:/program files/embitz/1.11/share/em_armgcc/bin/../lib/gcc/arm-none-eabi/5.4.1/../../../../arm-none-eabi/lib/armv7-m\libg_n.a(lib_a-fwalk.o)
 .ARM.attributes
                0x0000035f       0x2d f:/program files/embitz/1.11/share/em_armgcc/bin/../lib/gcc/arm-none-eabi/5.4.1/../../../../arm-none-eabi/lib/armv7-m\libg_n.a(lib_a-makebuf.o)
 .ARM.attributes
                0x0000038c       0x2d f:/program files/embitz/1.11/share/em_armgcc/bin/../lib/gcc/arm-none-eabi/5.4.1/../../../../arm-none-eabi/lib/armv7-m\libg_n.a(lib_a-nano-freer.o)
 .ARM.attributes
                0x000003b9       0x2d f:/program files/embitz/1.11/share/em_armgcc/bin/../lib/gcc/arm-none-eabi/5.4.1/../../../../arm-none-eabi/lib/armv7-m\libg_n.a(lib_a-nano-mallocr.o)
 .ARM.attributes
                0x000003e6       0x2d f:/program files/embitz/1.11/share/em_armgcc/bin/../lib/gcc/arm-none-eabi/5.4.1/../../../../arm-none-eabi/lib/armv7-m\libg_n.a(lib_a-nano-vfprintf.o)
 .ARM.attributes
                0x00000413       0x2d f:/program files/embitz/1.11/share/em_armgcc/bin/../lib/gcc/arm-none-eabi/5.4.1/../../../../arm-none-eabi/lib/armv7-m\libg_n.a(lib_a-nano-vfprintf_i.o)
 .ARM.attributes
                0x00000440       0x2d f:/program files/embitz/1.11/share/em_armgcc/bin/../lib/gcc/arm-none-eabi/5.4.1/../../../../arm-none-eabi/lib/armv7-m\libg_n.a(lib_a-putc.o)
 .ARM.attributes
                0x0000046d       0x2d f:/program files/embitz/1.11/share/em_armgcc/bin/../lib/gcc/arm-none-eabi/5.4.1/../../../../arm-none-eabi/lib/armv7-m\libg_n.a(lib_a-sbrkr.o)
 .ARM.attributes
                0x0000049a       0x2d f:/program files/embitz/1.11/share/em_armgcc/bin/../lib/gcc/arm-none-eabi/5.4.1/../../../../arm-none-eabi/lib/armv7-m\libg_n.a(lib_a-stdio.o)
 .ARM.attributes
                0x000004c7       0x2d f:/program files/embitz/1.11/share/em_armgcc/bin/../lib/gcc/arm-none-eabi/5.4.1/../../../../arm-none-eabi/lib/armv7-m\libg_n.a(lib_a-writer.o)
 .ARM.attributes
                0x000004f4       0x2d f:/program files/embitz/1.11/share/em_armgcc/bin/../lib/gcc/arm-none-eabi/5.4.1/../../../../arm-none-eabi/lib/armv7-m\libg_n.a(lib_a-closer.o)
 .ARM.attributes
                0x00000521       0x2d f:/program files/embitz/1.11/share/em_armgcc/bin/../lib/gcc/arm-none-eabi/5.4.1/../../../../arm-none-eabi/lib/armv7-m\libg_n.a(lib_a-fstatr.o)
 .ARM.attributes
                0x0000054e       0x2d f:/program files/embitz/1.11/share/em_armgcc/bin/../lib/gcc/arm-none-eabi/5.4.1/../../../../arm-none-eabi/lib/armv7-m\libg_n.a(lib_a-isattyr.o)
 .ARM.attributes
                0x0000057b       0x2d f:/program files/embitz/1.11/share/em_armgcc/bin/../lib/gcc/arm-none-eabi/5.4.1/../../../../arm-none-eabi/lib/armv7-m\libg_n.a(lib_a-lseekr.o)
 .ARM.attributes
                0x000005a8       0x2d f:/program files/embitz/1.11/share/em_armgcc/bin/../lib/gcc/arm-none-eabi/5.4.1/../../../../arm-none-eabi/lib/armv7-m\libg_n.a(lib_a-memchr-stub.o)
 .ARM.attributes
                0x000005d5       0x2d f:/program files/embitz/1.11/share/em_armgcc/bin/../lib/gcc/arm-none-eabi/5.4.1/../../../../arm-none-eabi/lib/armv7-m\libg_n.a(lib_a-mlock.o)
 .ARM.attributes
                0x00000602       0x2d f:/program files/embitz/1.11/share/em_armgcc/bin/../lib/gcc/arm-none-eabi/5.4.1/../../../../arm-none-eabi/lib/armv7-m\libg_n.a(lib_a-readr.o)
 .ARM.attributes
                0x0000062f       0x2d f:/program files/embitz/1.11/share/em_armgcc/bin/../lib/gcc/arm-none-eabi/5.4.1/../../../../arm-none-eabi/lib/armv7-m\libg_n.a(lib_a-reent.o)
 .ARM.attributes
                0x0000065c       0x2d f:/program files/embitz/1.11/share/em_armgcc/bin/../lib/gcc/arm-none-eabi/5.4.1/../../../../arm-none-eabi/lib/armv7-m\libnosys_s.a(close.o)
 .ARM.attributes
                0x00000689       0x2d f:/program files/embitz/1.11/share/em_armgcc/bin/../lib/gcc/arm-none-eabi/5.4.1/../../../../arm-none-eabi/lib/armv7-m\libnosys_s.a(fstat.o)
 .ARM.attributes
                0x000006b6       0x2d f:/program files/embitz/1.11/share/em_armgcc/bin/../lib/gcc/arm-none-eabi/5.4.1/../../../../arm-none-eabi/lib/armv7-m\libnosys_s.a(isatty.o)
 .ARM.attributes
                0x000006e3       0x2d f:/program files/embitz/1.11/share/em_armgcc/bin/../lib/gcc/arm-none-eabi/5.4.1/../../../../arm-none-eabi/lib/armv7-m\libnosys_s.a(lseek.o)
 .ARM.attributes
                0x00000710       0x2d f:/program files/embitz/1.11/share/em_armgcc/bin/../lib/gcc/arm-none-eabi/5.4.1/../../../../arm-none-eabi/lib/armv7-m\libnosys_s.a(read.o)
 .ARM.attributes
                0x0000073d       0x2d f:/program files/embitz/1.11/share/em_armgcc/bin/../lib/gcc/arm-none-eabi/5.4.1/../../../../arm-none-eabi/lib/armv7-m\libnosys_s.a(sbrk.o)
 .ARM.attributes
                0x0000076a       0x1d f:/program files/embitz/1.11/share/em_armgcc/bin/../lib/gcc/arm-none-eabi/5.4.1/armv7-m/crtn.o
                0x20004f00                __StackLimit = (_estack - _Min_Stack_Size)
                0x00000001                ASSERT ((__StackLimit >= __HeapLimit), Region RAM overflowed with stack)
LOAD obj\release\src\startup_stm32f103xb.o
LOAD obj\release\spl\src\stm32f10x_adc.o
LOAD obj\release\spl\src\stm32f10x_bkp.o
LOAD obj\release\spl\src\stm32f10x_can.o
LOAD obj\release\spl\src\stm32f10x_cec.o
LOAD obj\release\spl\src\stm32f10x_crc.o
LOAD obj\release\spl\src\stm32f10x_dac.o
LOAD obj\release\spl\src\stm32f10x_dbgmcu.o
LOAD obj\release\spl\src\stm32f10x_dma.o
LOAD obj\release\spl\src\stm32f10x_exti.o
LOAD obj\release\spl\src\stm32f10x_flash.o
LOAD obj\release\spl\src\stm32f10x_fsmc.o
LOAD obj\release\spl\src\stm32f10x_gpio.o
LOAD obj\release\spl\src\stm32f10x_i2c.o
LOAD obj\release\spl\src\stm32f10x_iwdg.o
LOAD obj\release\spl\src\stm32f10x_pwr.o
LOAD obj\release\spl\src\stm32f10x_rcc.o
LOAD obj\release\spl\src\stm32f10x_rtc.o
LOAD obj\release\spl\src\stm32f10x_sdio.o
LOAD obj\release\spl\src\stm32f10x_spi.o
LOAD obj\release\spl\src\stm32f10x_tim.o
LOAD obj\release\spl\src\stm32f10x_usart.o
LOAD obj\release\spl\src\stm32f10x_wwdg.o
LOAD obj\release\src\main.o
LOAD obj\release\spl\src\misc.o
LOAD obj\release\src\system_stm32f10x.o
START GROUP
LOAD f:/program files/embitz/1.11/share/em_armgcc/bin/../lib/gcc/arm-none-eabi/5.4.1/armv7-m\libgcc.a
LOAD f:/program files/embitz/1.11/share/em_armgcc/bin/../lib/gcc/arm-none-eabi/5.4.1/../../../../arm-none-eabi/lib/armv7-m\libg_n.a
LOAD f:/program files/embitz/1.11/share/em_armgcc/bin/../lib/gcc/arm-none-eabi/5.4.1/../../../../arm-none-eabi/lib/armv7-m\libc_n.a
END GROUP
START GROUP
LOAD f:/program files/embitz/1.11/share/em_armgcc/bin/../lib/gcc/arm-none-eabi/5.4.1/armv7-m\libgcc.a
LOAD f:/program files/embitz/1.11/share/em_armgcc/bin/../lib/gcc/arm-none-eabi/5.4.1/../../../../arm-none-eabi/lib/armv7-m\libc_n.a
LOAD f:/program files/embitz/1.11/share/em_armgcc/bin/../lib/gcc/arm-none-eabi/5.4.1/../../../../arm-none-eabi/lib/armv7-m\libnosys_s.a
END GROUP
LOAD f:/program files/embitz/1.11/share/em_armgcc/bin/../lib/gcc/arm-none-eabi/5.4.1/armv7-m/crtend.o
LOAD f:/program files/embitz/1.11/share/em_armgcc/bin/../lib/gcc/arm-none-eabi/5.4.1/armv7-m/crtn.o
OUTPUT(bin\Release\uart_00.elf elf32-littlearm)

.debug_line     0x00000000     0x1cbf
 .debug_line    0x00000000       0x75 obj\release\src\startup_stm32f103xb.o
 .debug_line    0x00000075      0x35a obj\release\spl\src\stm32f10x_gpio.o
 .debug_line    0x000003cf      0x432 obj\release\spl\src\stm32f10x_rcc.o
 .debug_line    0x00000801      0xbe4 obj\release\spl\src\stm32f10x_tim.o
 .debug_line    0x000013e5      0x41e obj\release\spl\src\stm32f10x_usart.o
 .debug_line    0x00001803      0x308 obj\release\src\main.o
 .debug_line    0x00001b0b      0x1b4 obj\release\src\system_stm32f10x.o

.debug_info     0x00000000     0x5a3f
 .debug_info    0x00000000       0x65 obj\release\src\startup_stm32f103xb.o
 .debug_info    0x00000065      0x93c obj\release\spl\src\stm32f10x_gpio.o
 .debug_info    0x000009a1      0x9ed obj\release\spl\src\stm32f10x_rcc.o
 .debug_info    0x0000138e     0x23f7 obj\release\spl\src\stm32f10x_tim.o
 .debug_info    0x00003785      0xbd5 obj\release\spl\src\stm32f10x_usart.o
 .debug_info    0x0000435a     0x1176 obj\release\src\main.o
 .debug_info    0x000054d0      0x56f obj\release\src\system_stm32f10x.o

.debug_abbrev   0x00000000      0xe97
 .debug_abbrev  0x00000000       0x12 obj\release\src\startup_stm32f103xb.o
 .debug_abbrev  0x00000012      0x229 obj\release\spl\src\stm32f10x_gpio.o
 .debug_abbrev  0x0000023b      0x29b obj\release\spl\src\stm32f10x_rcc.o
 .debug_abbrev  0x000004d6      0x2eb obj\release\spl\src\stm32f10x_tim.o
 .debug_abbrev  0x000007c1      0x20d obj\release\spl\src\stm32f10x_usart.o
 .debug_abbrev  0x000009ce      0x309 obj\release\src\main.o
 .debug_abbrev  0x00000cd7      0x1c0 obj\release\src\system_stm32f10x.o

.debug_aranges  0x00000000      0x638
 .debug_aranges
                0x00000000       0x28 obj\release\src\startup_stm32f103xb.o
 .debug_aranges
                0x00000028       0xa8 obj\release\spl\src\stm32f10x_gpio.o
 .debug_aranges
                0x000000d0      0x118 obj\release\spl\src\stm32f10x_rcc.o
 .debug_aranges
                0x000001e8      0x2d0 obj\release\spl\src\stm32f10x_tim.o
 .debug_aranges
                0x000004b8      0x100 obj\release\spl\src\stm32f10x_usart.o
 .debug_aranges
                0x000005b8       0x58 obj\release\src\main.o
 .debug_aranges
                0x00000610       0x28 obj\release\src\system_stm32f10x.o

.debug_ranges   0x00000000      0x768
 .debug_ranges  0x00000000       0x20 obj\release\src\startup_stm32f103xb.o
 .debug_ranges  0x00000020       0x98 obj\release\spl\src\stm32f10x_gpio.o
 .debug_ranges  0x000000b8      0x128 obj\release\spl\src\stm32f10x_rcc.o
 .debug_ranges  0x000001e0      0x3d8 obj\release\spl\src\stm32f10x_tim.o
 .debug_ranges  0x000005b8       0xf0 obj\release\spl\src\stm32f10x_usart.o
 .debug_ranges  0x000006a8       0x80 obj\release\src\main.o
 .debug_ranges  0x00000728       0x40 obj\release\src\system_stm32f10x.o

.debug_loc      0x00000000     0x34d0
 .debug_loc     0x00000000      0x569 obj\release\spl\src\stm32f10x_gpio.o
 .debug_loc     0x00000569      0x726 obj\release\spl\src\stm32f10x_rcc.o
 .debug_loc     0x00000c8f     0x1d7f obj\release\spl\src\stm32f10x_tim.o
 .debug_loc     0x00002a0e      0x86d obj\release\spl\src\stm32f10x_usart.o
 .debug_loc     0x0000327b      0x199 obj\release\src\main.o
 .debug_loc     0x00003414       0xbc obj\release\src\system_stm32f10x.o

.debug_str      0x00000000     0x1e70
 .debug_str     0x00000000      0x598 obj\release\spl\src\stm32f10x_gpio.o
                                0x5ee (size before relaxing)
 .debug_str     0x00000598      0x412 obj\release\spl\src\stm32f10x_rcc.o
                                0x6d8 (size before relaxing)
 .debug_str     0x000009aa      0xb91 obj\release\spl\src\stm32f10x_tim.o
                                0xeae (size before relaxing)
 .debug_str     0x0000153b      0x406 obj\release\spl\src\stm32f10x_usart.o
                                0x78e (size before relaxing)
 .debug_str     0x00001941      0x4a7 obj\release\src\main.o
                                0xb61 (size before relaxing)
 .debug_str     0x00001de8       0x88 obj\release\src\system_stm32f10x.o
                                0x3aa (size before relaxing)

.comment        0x00000000       0x6e
 .comment       0x00000000       0x6e obj\release\spl\src\stm32f10x_gpio.o
                                 0x6f (size before relaxing)
 .comment       0x0000006e       0x6f obj\release\spl\src\stm32f10x_rcc.o
 .comment       0x0000006e       0x6f obj\release\spl\src\stm32f10x_tim.o
 .comment       0x0000006e       0x6f obj\release\spl\src\stm32f10x_usart.o
 .comment       0x0000006e       0x6f obj\release\src\main.o
 .comment       0x0000006e       0x6f obj\release\src\system_stm32f10x.o

.debug_frame    0x00000000     0x178c
 .debug_frame   0x00000000      0x1b0 obj\release\spl\src\stm32f10x_gpio.o
 .debug_frame   0x000001b0      0x228 obj\release\spl\src\stm32f10x_rcc.o
 .debug_frame   0x000003d8      0x754 obj\release\spl\src\stm32f10x_tim.o
 .debug_frame   0x00000b2c      0x258 obj\release\spl\src\stm32f10x_usart.o
 .debug_frame   0x00000d84      0x118 obj\release\src\main.o
 .debug_frame   0x00000e9c       0x48 obj\release\src\system_stm32f10x.o
 .debug_frame   0x00000ee4       0x20 f:/program files/embitz/1.11/share/em_armgcc/bin/../lib/gcc/arm-none-eabi/5.4.1/../../../../arm-none-eabi/lib/armv7-m\libg_n.a(lib_a-memset.o)
 .debug_frame   0x00000f04       0x74 f:/program files/embitz/1.11/share/em_armgcc/bin/../lib/gcc/arm-none-eabi/5.4.1/../../../../arm-none-eabi/lib/armv7-m\libg_n.a(lib_a-printf.o)
 .debug_frame   0x00000f78       0x58 f:/program files/embitz/1.11/share/em_armgcc/bin/../lib/gcc/arm-none-eabi/5.4.1/../../../../arm-none-eabi/lib/armv7-m\libg_n.a(lib_a-putchar.o)
 .debug_frame   0x00000fd0       0x3c f:/program files/embitz/1.11/share/em_armgcc/bin/../lib/gcc/arm-none-eabi/5.4.1/../../../../arm-none-eabi/lib/armv7-m\libg_n.a(lib_a-puts.o)
 .debug_frame   0x0000100c       0x40 f:/program files/embitz/1.11/share/em_armgcc/bin/../lib/gcc/arm-none-eabi/5.4.1/../../../../arm-none-eabi/lib/armv7-m\libg_n.a(lib_a-wbuf.o)
 .debug_frame   0x0000104c       0x2c f:/program files/embitz/1.11/share/em_armgcc/bin/../lib/gcc/arm-none-eabi/5.4.1/../../../../arm-none-eabi/lib/armv7-m\libg_n.a(lib_a-wsetup.o)
 .debug_frame   0x00001078       0x68 f:/program files/embitz/1.11/share/em_armgcc/bin/../lib/gcc/arm-none-eabi/5.4.1/../../../../arm-none-eabi/lib/armv7-m\libg_n.a(lib_a-fflush.o)
 .debug_frame   0x000010e0      0x11c f:/program files/embitz/1.11/share/em_armgcc/bin/../lib/gcc/arm-none-eabi/5.4.1/../../../../arm-none-eabi/lib/armv7-m\libg_n.a(lib_a-findfp.o)
 .debug_frame   0x000011fc       0x54 f:/program files/embitz/1.11/share/em_armgcc/bin/../lib/gcc/arm-none-eabi/5.4.1/../../../../arm-none-eabi/lib/armv7-m\libg_n.a(lib_a-fwalk.o)
 .debug_frame   0x00001250       0x54 f:/program files/embitz/1.11/share/em_armgcc/bin/../lib/gcc/arm-none-eabi/5.4.1/../../../../arm-none-eabi/lib/armv7-m\libg_n.a(lib_a-makebuf.o)
 .debug_frame   0x000012a4       0x38 f:/program files/embitz/1.11/share/em_armgcc/bin/../lib/gcc/arm-none-eabi/5.4.1/../../../../arm-none-eabi/lib/armv7-m\libg_n.a(lib_a-nano-freer.o)
 .debug_frame   0x000012dc       0x2c f:/program files/embitz/1.11/share/em_armgcc/bin/../lib/gcc/arm-none-eabi/5.4.1/../../../../arm-none-eabi/lib/armv7-m\libg_n.a(lib_a-nano-mallocr.o)
 .debug_frame   0x00001308       0xac f:/program files/embitz/1.11/share/em_armgcc/bin/../lib/gcc/arm-none-eabi/5.4.1/../../../../arm-none-eabi/lib/armv7-m\libg_n.a(lib_a-nano-vfprintf.o)
 .debug_frame   0x000013b4       0x60 f:/program files/embitz/1.11/share/em_armgcc/bin/../lib/gcc/arm-none-eabi/5.4.1/../../../../arm-none-eabi/lib/armv7-m\libg_n.a(lib_a-nano-vfprintf_i.o)
 .debug_frame   0x00001414       0x48 f:/program files/embitz/1.11/share/em_armgcc/bin/../lib/gcc/arm-none-eabi/5.4.1/../../../../arm-none-eabi/lib/armv7-m\libg_n.a(lib_a-putc.o)
 .debug_frame   0x0000145c       0x2c f:/program files/embitz/1.11/share/em_armgcc/bin/../lib/gcc/arm-none-eabi/5.4.1/../../../../arm-none-eabi/lib/armv7-m\libg_n.a(lib_a-sbrkr.o)
 .debug_frame   0x00001488       0x88 f:/program files/embitz/1.11/share/em_armgcc/bin/../lib/gcc/arm-none-eabi/5.4.1/../../../../arm-none-eabi/lib/armv7-m\libg_n.a(lib_a-stdio.o)
 .debug_frame   0x00001510       0x2c f:/program files/embitz/1.11/share/em_armgcc/bin/../lib/gcc/arm-none-eabi/5.4.1/../../../../arm-none-eabi/lib/armv7-m\libg_n.a(lib_a-writer.o)
 .debug_frame   0x0000153c       0x2c f:/program files/embitz/1.11/share/em_armgcc/bin/../lib/gcc/arm-none-eabi/5.4.1/../../../../arm-none-eabi/lib/armv7-m\libg_n.a(lib_a-closer.o)
 .debug_frame   0x00001568       0x2c f:/program files/embitz/1.11/share/em_armgcc/bin/../lib/gcc/arm-none-eabi/5.4.1/../../../../arm-none-eabi/lib/armv7-m\libg_n.a(lib_a-fstatr.o)
 .debug_frame   0x00001594       0x2c f:/program files/embitz/1.11/share/em_armgcc/bin/../lib/gcc/arm-none-eabi/5.4.1/../../../../arm-none-eabi/lib/armv7-m\libg_n.a(lib_a-isattyr.o)
 .debug_frame   0x000015c0       0x2c f:/program files/embitz/1.11/share/em_armgcc/bin/../lib/gcc/arm-none-eabi/5.4.1/../../../../arm-none-eabi/lib/armv7-m\libg_n.a(lib_a-lseekr.o)
 .debug_frame   0x000015ec       0x28 f:/program files/embitz/1.11/share/em_armgcc/bin/../lib/gcc/arm-none-eabi/5.4.1/../../../../arm-none-eabi/lib/armv7-m\libg_n.a(lib_a-memchr-stub.o)
 .debug_frame   0x00001614       0x30 f:/program files/embitz/1.11/share/em_armgcc/bin/../lib/gcc/arm-none-eabi/5.4.1/../../../../arm-none-eabi/lib/armv7-m\libg_n.a(lib_a-mlock.o)
 .debug_frame   0x00001644       0x2c f:/program files/embitz/1.11/share/em_armgcc/bin/../lib/gcc/arm-none-eabi/5.4.1/../../../../arm-none-eabi/lib/armv7-m\libg_n.a(lib_a-readr.o)
 .debug_frame   0x00001670       0x5c f:/program files/embitz/1.11/share/em_armgcc/bin/../lib/gcc/arm-none-eabi/5.4.1/../../../../arm-none-eabi/lib/armv7-m\libg_n.a(lib_a-reent.o)
 .debug_frame   0x000016cc       0x20 f:/program files/embitz/1.11/share/em_armgcc/bin/../lib/gcc/arm-none-eabi/5.4.1/../../../../arm-none-eabi/lib/armv7-m\libnosys_s.a(close.o)
 .debug_frame   0x000016ec       0x20 f:/program files/embitz/1.11/share/em_armgcc/bin/../lib/gcc/arm-none-eabi/5.4.1/../../../../arm-none-eabi/lib/armv7-m\libnosys_s.a(fstat.o)
 .debug_frame   0x0000170c       0x20 f:/program files/embitz/1.11/share/em_armgcc/bin/../lib/gcc/arm-none-eabi/5.4.1/../../../../arm-none-eabi/lib/armv7-m\libnosys_s.a(isatty.o)
 .debug_frame   0x0000172c       0x20 f:/program files/embitz/1.11/share/em_armgcc/bin/../lib/gcc/arm-none-eabi/5.4.1/../../../../arm-none-eabi/lib/armv7-m\libnosys_s.a(lseek.o)
 .debug_frame   0x0000174c       0x20 f:/program files/embitz/1.11/share/em_armgcc/bin/../lib/gcc/arm-none-eabi/5.4.1/../../../../arm-none-eabi/lib/armv7-m\libnosys_s.a(read.o)
 .debug_frame   0x0000176c       0x20 f:/program files/embitz/1.11/share/em_armgcc/bin/../lib/gcc/arm-none-eabi/5.4.1/../../../../arm-none-eabi/lib/armv7-m\libnosys_s.a(sbrk.o)

.stab           0x00000000       0x84
 .stab          0x00000000       0x24 f:/program files/embitz/1.11/share/em_armgcc/bin/../lib/gcc/arm-none-eabi/5.4.1/../../../../arm-none-eabi/lib/armv7-m\libnosys_s.a(close.o)
 .stab          0x00000024       0x18 f:/program files/embitz/1.11/share/em_armgcc/bin/../lib/gcc/arm-none-eabi/5.4.1/../../../../arm-none-eabi/lib/armv7-m\libnosys_s.a(fstat.o)
                                 0x24 (size before relaxing)
 .stab          0x0000003c       0x18 f:/program files/embitz/1.11/share/em_armgcc/bin/../lib/gcc/arm-none-eabi/5.4.1/../../../../arm-none-eabi/lib/armv7-m\libnosys_s.a(isatty.o)
                                 0x24 (size before relaxing)
 .stab          0x00000054       0x18 f:/program files/embitz/1.11/share/em_armgcc/bin/../lib/gcc/arm-none-eabi/5.4.1/../../../../arm-none-eabi/lib/armv7-m\libnosys_s.a(lseek.o)
                                 0x24 (size before relaxing)
 .stab          0x0000006c       0x18 f:/program files/embitz/1.11/share/em_armgcc/bin/../lib/gcc/arm-none-eabi/5.4.1/../../../../arm-none-eabi/lib/armv7-m\libnosys_s.a(read.o)
                                 0x24 (size before relaxing)

.stabstr        0x00000000      0x117
 .stabstr       0x00000000      0x117 f:/program files/embitz/1.11/share/em_armgcc/bin/../lib/gcc/arm-none-eabi/5.4.1/../../../../arm-none-eabi/lib/armv7-m\libnosys_s.a(close.o)
